============================================================
rnn — 运行开始  20260805_144127
  输出目录:  runs\AW_ST_CMC\AW_ST_CMC_rnn_20260805_144127
============================================================
============================================================
RNN (LSTM) + PharmHGT-style Featurization for AW_ST_CMC Prediction
============================================================
[Cache HIT] Loading features from data\features\surfpro\AW_ST_CMC
  Train features: (843, 522)
  Test features:  (70, 522)

Split: Train 737, Val 106, Test 70

============================================================
Training Final Model
============================================================
  Epoch  50 — Val RMSE: 6.9954 (best: 6.9954)
  Epoch 100 — Val RMSE: 6.9917 (best: 6.9906)
  Epoch 150 — Val RMSE: 6.9911 (best: 6.9906)
  Epoch 200 — Val RMSE: 6.9906 (best: 6.9906)
  Epoch 250 — Val RMSE: 6.9948 (best: 6.9906)
  Epoch 300 — Val RMSE: 6.9909 (best: 6.9906)
  Early stopping at epoch 320

============================================================
Test Evaluation
============================================================
  Test MSE:  53.8085
  Test RMSE: 7.3354
  Test MAE:  5.7533
  Test R²:   -0.0514
Model saved to runs\AW_ST_CMC\AW_ST_CMC_rnn_20260805_144127\model.pkl

============================================================
SUMMARY — RNN (LSTM) + PharmHGT Features
============================================================
  Features:  522-dim (atom_agg + bond_agg + MACCS + BRICS + surfactant + descriptors)
  Train:     737 (val 106)
  Test:      70
  Fixed hyperparams: 3 LSTM layers, 64 hidden, lr=1e-3, wd=1e-5, bs=32
  Test RMSE: 7.3354
  Test MAE:  5.7533
  Test R²:   -0.0514

指标已保存: runs\AW_ST_CMC\AW_ST_CMC_rnn_20260805_144127\metrics.json
索引已更新: runs\AW_ST_CMC\_runs_index.csv
索引已更新: runs\_runs_index.csv
