============================================================
mlp — 运行开始  20260802_172700
  输出目录:  runs\pCMC\pCMC_mlp_20260802_172700
============================================================
============================================================
MLP + PharmHGT-style Featurization for LogCMC (pCMC) Prediction
============================================================

============================================================
Training Final Model
============================================================
    Early stopping at epoch 265

============================================================
Test Evaluation
============================================================
  Test MSE:  0.1799
  Test RMSE: 0.4241
  Test MAE:  0.3163
  Test R²:   0.8543
Model saved to runs\pCMC\pCMC_mlp_20260802_172700\model.pkl

============================================================
SUMMARY — MLP + PharmHGT Features
============================================================
  Features:  522-dim (atom_agg + bond_agg + MACCS + BRICS + surfactant + descriptors)
  Train:     1053 (val 151)
  Test:      140
  Optuna:    50 trials, 5-fold CV
  Best CV RMSE: 0.4313
  Best val RMSE: 0.4480
  Test RMSE: 0.4241
  Test MAE:  0.3163
  Test R²:   0.8543

指标已保存: runs\pCMC\pCMC_mlp_20260802_172700\metrics.json
索引已更新: runs\pCMC\_runs_index.csv
索引已更新: runs\_runs_index.csv
