============================================================
mlp — 运行开始  20260806_130514
  输出目录:  runs\pC20\pC20_mlp_20260806_130514
============================================================
============================================================
MLP + PharmHGT-style Featurization for pC20 Prediction
============================================================

============================================================
Training Final Model
============================================================
    Epoch 300/3000 — Val RMSE: 0.5312 (best: 0.4742)
    Early stopping at epoch 465

============================================================
Test Evaluation
============================================================
  Test MSE:  0.2671
  Test RMSE: 0.5168
  Test MAE:  0.3804
  Test R²:   0.8127
Model saved to runs\pC20\pC20_mlp_20260806_130514\model.pkl

============================================================
SUMMARY — MLP + PharmHGT Features
============================================================
  Features:  522-dim (atom_agg + bond_agg + MACCS + BRICS + surfactant + descriptors)
  Train:     493 (val 71)
  Test:      70
  Optuna:    50 trials, 5-fold CV
  Best CV RMSE: 0.5062
  Best val RMSE: 0.4625
  Test RMSE: 0.5168
  Test MAE:  0.3804
  Test R²:   0.8127

指标已保存: runs\pC20\pC20_mlp_20260806_130514\metrics.json
索引已更新: runs\pC20\_runs_index.csv
索引已更新: runs\_runs_index.csv
