============================================================
lightgbm — 运行开始  20260724_110941
  输出目录:  runs\AW_ST_CMC\AW_ST_CMC_lightgbm_20260724_110941
============================================================
============================================================
LightGBM + PharmHGT-style Featurization for AW_ST_CMC Prediction
============================================================
[Cache HIT] Loading features from data\features\surfpro\AW_ST_CMC
  Train features: (843, 522)
  Test features:  (70, 522)

Split: Train 737, Val 106, Test 70

============================================================
Optuna Hyperparameter Tuning (50 trials, 5-Fold CV)
============================================================
[32m[I 2026-07-24 11:09:47,210][0m Trial 0 finished with value: 22.216519168918445 and parameters: {'boosting_type': 'dart', 'max_depth': 12, 'num_leaves': 159, 'learning_rate': 0.009470976192691145, 'n_estimators': 890, 'subsample': 0.5290418060840998, 'subsample_freq': 9, 'colsample_bytree': 0.7207805082202461, 'reg_alpha': 0.023585940584142682, 'reg_lambda': 1.5320059381854043e-08, 'min_child_samples': 98, 'min_child_weight': 0.021368329072358756, 'min_split_gain': 0.21233911067827616, 'cat_smooth': 9.091248360355031, 'cat_l2': 9.17022549267169, 'drop_rate': 0.09823025045826593, 'max_drop': 27, 'skip_drop': 0.13526405540621358}. Best is trial 0 with value: 22.216519168918445.[0m
[32m[I 2026-07-24 11:10:01,249][0m Trial 1 finished with value: 9.322695858963433 and parameters: {'boosting_type': 'dart', 'max_depth': 4, 'num_leaves': 85, 'learning_rate': 0.02240870575939826, 'n_estimators': 1640, 'subsample': 0.8925879806965068, 'subsample_freq': 2, 'colsample_bytree': 0.6599641068895281, 'reg_alpha': 0.0021465011216654484, 'reg_lambda': 2.6185068507773707e-08, 'min_child_samples': 63, 'min_child_weight': 4.809461967501571e-05, 'min_split_gain': 0.06505159298527952, 'cat_smooth': 47.44427686266666, 'cat_l2': 48.28160165372797, 'drop_rate': 0.24443523095377373, 'max_drop': 16, 'skip_drop': 0.03832491306185132}. Best is trial 1 with value: 9.322695858963433.[0m
Training until validation scores don't improve for 30 rounds
Early stopping, best iteration is:
[1033]	valid_0's rmse: 4.72271	valid_0's l2: 22.304
Training until validation scores don't improve for 30 rounds
Early stopping, best iteration is:
[1491]	valid_0's rmse: 4.72466	valid_0's l2: 22.3224
Training until validation scores don't improve for 30 rounds
Early stopping, best iteration is:
[1168]	valid_0's rmse: 4.65993	valid_0's l2: 21.715
Training until validation scores don't improve for 30 rounds
Early stopping, best iteration is:
[1403]	valid_0's rmse: 4.74215	valid_0's l2: 22.488
Training until validation scores don't improve for 30 rounds
Early stopping, best iteration is:
[1295]	valid_0's rmse: 4.52636	valid_0's l2: 20.4879
[32m[I 2026-07-24 11:10:09,769][0m Trial 2 finished with value: 4.6751630182480595 and parameters: {'boosting_type': 'gbdt', 'max_depth': 4, 'num_leaves': 134, 'learning_rate': 0.005755963034165359, 'n_estimators': 2774, 'subsample': 0.6293899908000085, 'subsample_freq': 7, 'colsample_bytree': 0.5181977532625877, 'reg_alpha': 0.0004793052550782129, 'reg_lambda': 0.0008325158565947976, 'min_child_samples': 22, 'min_child_weight': 0.07556810141274425, 'min_split_gain': 0.7751328233611146, 'cat_smooth': 46.97494707820945, 'cat_l2': 44.74136752138244}. Best is trial 2 with value: 4.6751630182480595.[0m
[32m[I 2026-07-24 11:10:17,761][0m Trial 3 finished with value: 21.655966273574677 and parameters: {'boosting_type': 'dart', 'max_depth': 4, 'num_leaves': 62, 'learning_rate': 0.006017151754328819, 'n_estimators': 1313, 'subsample': 0.6943386448447411, 'subsample_freq': 3, 'colsample_bytree': 0.8801162564063505, 'reg_alpha': 1.6247252885719427e-05, 'reg_lambda': 3.376063348877853e-06, 'min_child_samples': 57, 'min_child_weight': 3.661819220392426e-05, 'min_split_gain': 0.8021969807540397, 'cat_smooth': 3.727532183988541, 'cat_l2': 49.34434683002586, 'drop_rate': 0.23395098309603066, 'max_drop': 10, 'skip_drop': 0.011601413965844696}. Best is trial 2 with value: 4.6751630182480595.[0m
Training until validation scores don't improve for 30 rounds
Early stopping, best iteration is:
[791]	valid_0's rmse: 4.7377	valid_0's l2: 22.4458
Training until validation scores don't improve for 30 rounds
Early stopping, best iteration is:
[597]	valid_0's rmse: 5.08037	valid_0's l2: 25.8102
Training until validation scores don't improve for 30 rounds
Did not meet early stopping. Best iteration is:
[1391]	valid_0's rmse: 4.51696	valid_0's l2: 20.403
Training until validation scores don't improve for 30 rounds
Early stopping, best iteration is:
[802]	valid_0's rmse: 4.78375	valid_0's l2: 22.8843
Training until validation scores don't improve for 30 rounds
Early stopping, best iteration is:
[1314]	valid_0's rmse: 4.56172	valid_0's l2: 20.8092
[32m[I 2026-07-24 11:10:22,891][0m Trial 4 finished with value: 4.736101020927594 and parameters: {'boosting_type': 'gbdt', 'max_depth': 12, 'num_leaves': 200, 'learning_rate': 0.006770684770701556, 'n_estimators': 1396, 'subsample': 0.5579345297625649, 'subsample_freq': 9, 'colsample_bytree': 0.7363086887792905, 'reg_alpha': 9.507847858536042e-06, 'reg_lambda': 3.732717755563729e-08, 'min_child_samples': 34, 'min_child_weight': 0.00019986340778528852, 'min_split_gain': 0.7296061783380641, 'cat_smooth': 31.877873567760656, 'cat_l2': 44.36063712881633}. Best is trial 2 with value: 4.6751630182480595.[0m
Training until validation scores don't improve for 30 rounds
Early stopping, best iteration is:
[128]	valid_0's rmse: 4.3833	valid_0's l2: 19.2133
Training until validation scores don't improve for 30 rounds
Early stopping, best iteration is:
[124]	valid_0's rmse: 4.264	valid_0's l2: 18.1817
Training until validation scores don't improve for 30 rounds
Early stopping, best iteration is:
[318]	valid_0's rmse: 3.95791	valid_0's l2: 15.6651
Training until validation scores don't improve for 30 rounds
Early stopping, best iteration is:
[185]	valid_0's rmse: 4.66305	valid_0's l2: 21.744
Training until validation scores don't improve for 30 rounds
Early stopping, best iteration is:
[230]	valid_0's rmse: 4.21782	valid_0's l2: 17.79
[32m[I 2026-07-24 11:10:26,648][0m Trial 5 finished with value: 4.297216683113826 and parameters: {'boosting_type': 'gbdt', 'max_depth': 12, 'num_leaves': 198, 'learning_rate': 0.04977436807314311, 'n_estimators': 2428, 'subsample': 0.7468977981821954, 'subsample_freq': 6, 'colsample_bytree': 0.5992787128509847, 'reg_alpha': 1.6934490731313353e-08, 'reg_lambda': 9.354548757337708e-08, 'min_child_samples': 8, 'min_child_weight': 0.003512704726270845, 'min_split_gain': 0.3143559810763267, 'cat_smooth': 25.42853455823514, 'cat_l2': 45.37832369630465}. Best is trial 5 with value: 4.297216683113826.[0m
[32m[I 2026-07-24 11:10:29,102][0m Trial 6 pruned. [0m
[32m[I 2026-07-24 11:10:34,460][0m Trial 7 pruned. [0m
Training until validation scores don't improve for 30 rounds
Early stopping, best iteration is:
[333]	valid_0's rmse: 5.02473	valid_0's l2: 25.2479
Training until validation scores don't improve for 30 rounds
Early stopping, best iteration is:
[370]	valid_0's rmse: 5.47583	valid_0's l2: 29.9847
Training until validation scores don't improve for 30 rounds
Early stopping, best iteration is:
[410]	valid_0's rmse: 5.1447	valid_0's l2: 26.468
Training until validation scores don't improve for 30 rounds
Early stopping, best iteration is:
[467]	valid_0's rmse: 5.10154	valid_0's l2: 26.0258
Training until validation scores don't improve for 30 rounds
Early stopping, best iteration is:
[590]	valid_0's rmse: 5.05545	valid_0's l2: 25.5576
[32m[I 2026-07-24 11:10:36,037][0m Trial 8 finished with value: 5.160451063365968 and parameters: {'boosting_type': 'gbdt', 'max_depth': 3, 'num_leaves': 161, 'learning_rate': 0.03915699341344363, 'n_estimators': 628, 'subsample': 0.6393232321183058, 'subsample_freq': 10, 'colsample_bytree': 0.46769332346688064, 'reg_alpha': 2.0139739500176936e-07, 'reg_lambda': 0.0002541410632209718, 'min_child_samples': 99, 'min_child_weight': 9.294394155644992e-05, 'min_split_gain': 0.6721355474058786, 'cat_smooth': 38.08098076643588, 'cat_l2': 11.881877199619984}. Best is trial 5 with value: 4.297216683113826.[0m
Training until validation scores don't improve for 30 rounds
Early stopping, best iteration is:
[347]	valid_0's rmse: 4.73485	valid_0's l2: 22.4188
Training until validation scores don't improve for 30 rounds
Early stopping, best iteration is:
[380]	valid_0's rmse: 4.8969	valid_0's l2: 23.9796
Training until validation scores don't improve for 30 rounds
Did not meet early stopping. Best iteration is:
[717]	valid_0's rmse: 4.32885	valid_0's l2: 18.7389
Training until validation scores don't improve for 30 rounds
Early stopping, best iteration is:
[225]	valid_0's rmse: 4.77929	valid_0's l2: 22.8416
Training until validation scores don't improve for 30 rounds
Early stopping, best iteration is:
[574]	valid_0's rmse: 4.45437	valid_0's l2: 19.8415
[32m[I 2026-07-24 11:10:38,434][0m Trial 9 finished with value: 4.6388512862920255 and parameters: {'boosting_type': 'gbdt', 'max_depth': 11, 'num_leaves': 167, 'learning_rate': 0.044839259184207204, 'n_estimators': 725, 'subsample': 0.917651247794619, 'subsample_freq': 4, 'colsample_bytree': 0.4305629572798979, 'reg_alpha': 2.3279640748356466e-08, 'reg_lambda': 0.0020798714270728416, 'min_child_samples': 70, 'min_child_weight': 1.1650681118986128e-05, 'min_split_gain': 0.512093058299281, 'cat_smooth': 11.324788759896897, 'cat_l2': 32.25863952047249}. Best is trial 5 with value: 4.297216683113826.[0m
Training until validation scores don't improve for 30 rounds
Early stopping, best iteration is:
[59]	valid_0's rmse: 4.44996	valid_0's l2: 19.8021
Training until validation scores don't improve for 30 rounds
Early stopping, best iteration is:
[79]	valid_0's rmse: 4.50108	valid_0's l2: 20.2597
Training until validation scores don't improve for 30 rounds
Early stopping, best iteration is:
[70]	valid_0's rmse: 4.09276	valid_0's l2: 16.7507
Training until validation scores don't improve for 30 rounds
Early stopping, best iteration is:
[32]	valid_0's rmse: 4.76685	valid_0's l2: 22.7229
Training until validation scores don't improve for 30 rounds
Early stopping, best iteration is:
[68]	valid_0's rmse: 4.17391	valid_0's l2: 17.4216
[32m[I 2026-07-24 11:10:39,452][0m Trial 10 finished with value: 4.396914081466045 and parameters: {'boosting_type': 'gbdt', 'max_depth': 8, 'num_leaves': 16, 'learning_rate': 0.227364806419381, 'n_estimators': 2938, 'subsample': 0.8139601740123973, 'subsample_freq': 6, 'colsample_bytree': 0.31464890149101077, 'reg_alpha': 3.331630946893803, 'reg_lambda': 0.04422317327084487, 'min_child_samples': 7, 'min_child_weight': 0.002949971987301989, 'min_split_gain': 0.34052523698531706, 'cat_smooth': 21.71781358782057, 'cat_l2': 23.63570033289743}. Best is trial 5 with value: 4.297216683113826.[0m
Training until validation scores don't improve for 30 rounds
Early stopping, best iteration is:
[36]	valid_0's rmse: 4.40556	valid_0's l2: 19.409
Training until validation scores don't improve for 30 rounds
Early stopping, best iteration is:
[37]	valid_0's rmse: 4.42963	valid_0's l2: 19.6216
Training until validation scores don't improve for 30 rounds
Early stopping, best iteration is:
[94]	valid_0's rmse: 3.97504	valid_0's l2: 15.801
Training until validation scores don't improve for 30 rounds
Early stopping, best iteration is:
[28]	valid_0's rmse: 4.50573	valid_0's l2: 20.3016
Training until validation scores don't improve for 30 rounds
Early stopping, best iteration is:
[13]	valid_0's rmse: 4.30038	valid_0's l2: 18.4932
[32m[I 2026-07-24 11:10:40,433][0m Trial 11 finished with value: 4.323267967080149 and parameters: {'boosting_type': 'gbdt', 'max_depth': 8, 'num_leaves': 17, 'learning_rate': 0.23953129153336494, 'n_estimators': 2928, 'subsample': 0.8078766364822536, 'subsample_freq': 6, 'colsample_bytree': 0.32115714350578634, 'reg_alpha': 0.9465205392725847, 'reg_lambda': 0.03437860194381641, 'min_child_samples': 8, 'min_child_weight': 0.003605373423410191, 'min_split_gain': 0.34279928826631645, 'cat_smooth': 20.552612036841047, 'cat_l2': 23.885061810240234}. Best is trial 5 with value: 4.297216683113826.[0m
Training until validation scores don't improve for 30 rounds
Early stopping, best iteration is:
[19]	valid_0's rmse: 4.38897	valid_0's l2: 19.2631
Training until validation scores don't improve for 30 rounds
Early stopping, best iteration is:
[73]	valid_0's rmse: 4.49719	valid_0's l2: 20.2247
Training until validation scores don't improve for 30 rounds
Early stopping, best iteration is:
[43]	valid_0's rmse: 4.125	valid_0's l2: 17.0156
Training until validation scores don't improve for 30 rounds
Early stopping, best iteration is:
[48]	valid_0's rmse: 4.81228	valid_0's l2: 23.1581
Training until validation scores don't improve for 30 rounds
Early stopping, best iteration is:
[63]	valid_0's rmse: 4.36426	valid_0's l2: 19.0468
[32m[I 2026-07-24 11:10:41,355][0m Trial 12 finished with value: 4.438802915767097 and parameters: {'boosting_type': 'gbdt', 'max_depth': 8, 'num_leaves': 21, 'learning_rate': 0.28964577784645223, 'n_estimators': 2445, 'subsample': 0.8079907687060501, 'subsample_freq': 6, 'colsample_bytree': 0.5710827928315942, 'reg_alpha': 7.58060067585804, 'reg_lambda': 1.431047124586851e-05, 'min_child_samples': 7, 'min_child_weight': 0.004026351853278354, 'min_split_gain': 0.3944273631737266, 'cat_smooth': 19.24839515611932, 'cat_l2': 22.61631564388042}. Best is trial 5 with value: 4.297216683113826.[0m
Training until validation scores don't improve for 30 rounds
Early stopping, best iteration is:
[145]	valid_0's rmse: 4.54079	valid_0's l2: 20.6188
Training until validation scores don't improve for 30 rounds
Early stopping, best iteration is:
[149]	valid_0's rmse: 4.39212	valid_0's l2: 19.2907
Training until validation scores don't improve for 30 rounds
Early stopping, best iteration is:
[240]	valid_0's rmse: 4.05425	valid_0's l2: 16.4369
Training until validation scores don't improve for 30 rounds
Early stopping, best iteration is:
[123]	valid_0's rmse: 4.7254	valid_0's l2: 22.3294
Training until validation scores don't improve for 30 rounds
Early stopping, best iteration is:
[84]	valid_0's rmse: 4.3211	valid_0's l2: 18.6719
[32m[I 2026-07-24 11:10:44,474][0m Trial 13 finished with value: 4.406733071539012 and parameters: {'boosting_type': 'gbdt', 'max_depth': 15, 'num_leaves': 248, 'learning_rate': 0.10111586840788142, 'n_estimators': 2325, 'subsample': 0.9913430783889022, 'subsample_freq': 5, 'colsample_bytree': 0.9966650076393592, 'reg_alpha': 0.3779696518023393, 'reg_lambda': 7.565770484313319e-06, 'min_child_samples': 23, 'min_child_weight': 0.0006897395462103529, 'min_split_gain': 0.17676135789481792, 'cat_smooth': 33.0299622914229, 'cat_l2': 2.5465222846645155}. Best is trial 5 with value: 4.297216683113826.[0m
Training until validation scores don't improve for 30 rounds
Early stopping, best iteration is:
[90]	valid_0's rmse: 4.45085	valid_0's l2: 19.8101
Training until validation scores don't improve for 30 rounds
Early stopping, best iteration is:
[93]	valid_0's rmse: 4.43994	valid_0's l2: 19.7131
Training until validation scores don't improve for 30 rounds
Early stopping, best iteration is:
[105]	valid_0's rmse: 4.19223	valid_0's l2: 17.5748
Training until validation scores don't improve for 30 rounds
Early stopping, best iteration is:
[70]	valid_0's rmse: 4.60034	valid_0's l2: 21.1632
Training until validation scores don't improve for 30 rounds
Early stopping, best iteration is:
[123]	valid_0's rmse: 4.34613	valid_0's l2: 18.8888
[32m[I 2026-07-24 11:10:46,191][0m Trial 14 finished with value: 4.4058983309539865 and parameters: {'boosting_type': 'gbdt', 'max_depth': 8, 'num_leaves': 101, 'learning_rate': 0.12660527974546876, 'n_estimators': 2157, 'subsample': 0.7857877046452318, 'subsample_freq': 7, 'colsample_bytree': 0.30662184218780936, 'reg_alpha': 3.306264329049814e-07, 'reg_lambda': 0.018352158240070957, 'min_child_samples': 15, 'min_child_weight': 0.01197635766406829, 'min_split_gain': 0.44016315543372253, 'cat_smooth': 24.907990432451598, 'cat_l2': 33.819406609702725}. Best is trial 5 with value: 4.297216683113826.[0m
Training until validation scores don't improve for 30 rounds
Early stopping, best iteration is:
[175]	valid_0's rmse: 4.37465	valid_0's l2: 19.1375
Training until validation scores don't improve for 30 rounds
Early stopping, best iteration is:
[111]	valid_0's rmse: 4.68513	valid_0's l2: 21.9505
Training until validation scores don't improve for 30 rounds
Early stopping, best iteration is:
[184]	valid_0's rmse: 4.40954	valid_0's l2: 19.4441
Training until validation scores don't improve for 30 rounds
Early stopping, best iteration is:
[91]	valid_0's rmse: 4.59293	valid_0's l2: 21.095
Training until validation scores don't improve for 30 rounds
Early stopping, best iteration is:
[172]	valid_0's rmse: 4.2658	valid_0's l2: 18.197
[32m[I 2026-07-24 11:10:47,990][0m Trial 15 finished with value: 4.465609040636809 and parameters: {'boosting_type': 'gbdt', 'max_depth': 10, 'num_leaves': 128, 'learning_rate': 0.09752032437592352, 'n_estimators': 2687, 'subsample': 0.723004607732685, 'subsample_freq': 1, 'colsample_bytree': 0.6003195309450419, 'reg_alpha': 0.07538599268773487, 'reg_lambda': 4.3662991548241424e-07, 'min_child_samples': 37, 'min_child_weight': 0.0006099412898103844, 'min_split_gain': 0.5425773205460362, 'cat_smooth': 11.39898907056787, 'cat_l2': 21.715177543184666}. Best is trial 5 with value: 4.297216683113826.[0m
Training until validation scores don't improve for 30 rounds
Early stopping, best iteration is:
[507]	valid_0's rmse: 4.38146	valid_0's l2: 19.1972
Training until validation scores don't improve for 30 rounds
Early stopping, best iteration is:
[336]	valid_0's rmse: 4.45081	valid_0's l2: 19.8097
Training until validation scores don't improve for 30 rounds
Early stopping, best iteration is:
[670]	valid_0's rmse: 4.0597	valid_0's l2: 16.4812
Training until validation scores don't improve for 30 rounds
Early stopping, best iteration is:
[421]	valid_0's rmse: 4.50843	valid_0's l2: 20.3259
Training until validation scores don't improve for 30 rounds
Early stopping, best iteration is:
[327]	valid_0's rmse: 4.22769	valid_0's l2: 17.8733
[32m[I 2026-07-24 11:10:53,337][0m Trial 16 finished with value: 4.325618241976107 and parameters: {'boosting_type': 'gbdt', 'max_depth': 15, 'num_leaves': 48, 'learning_rate': 0.020029619409435772, 'n_estimators': 2066, 'subsample': 0.8717887378779443, 'subsample_freq': 7, 'colsample_bytree': 0.3914724172006782, 'reg_alpha': 0.000104133116311454, 'reg_lambda': 0.09485375159633139, 'min_child_samples': 22, 'min_child_weight': 0.008531419848138537, 'min_split_gain': 0.2572802768252839, 'cat_smooth': 35.014391662489714, 'cat_l2': 31.852322745132227}. Best is trial 5 with value: 4.297216683113826.[0m
Training until validation scores don't improve for 30 rounds
Early stopping, best iteration is:
[43]	valid_0's rmse: 4.30709	valid_0's l2: 18.551
Training until validation scores don't improve for 30 rounds
Early stopping, best iteration is:
[144]	valid_0's rmse: 4.31434	valid_0's l2: 18.6135
Training until validation scores don't improve for 30 rounds
Early stopping, best iteration is:
[250]	valid_0's rmse: 3.91097	valid_0's l2: 15.2957
Training until validation scores don't improve for 30 rounds
Early stopping, best iteration is:
[21]	valid_0's rmse: 4.92813	valid_0's l2: 24.2865
Training until validation scores don't improve for 30 rounds
Early stopping, best iteration is:
[163]	valid_0's rmse: 4.1396	valid_0's l2: 17.1363
[32m[I 2026-07-24 11:10:55,439][0m Trial 17 finished with value: 4.320024945935837 and parameters: {'boosting_type': 'gbdt', 'max_depth': 6, 'num_leaves': 198, 'learning_rate': 0.17084075956337222, 'n_estimators': 2564, 'subsample': 0.7499972938777936, 'subsample_freq': 5, 'colsample_bytree': 0.5042416534218429, 'reg_alpha': 6.11242651240966e-07, 'reg_lambda': 0.00012289668202678354, 'min_child_samples': 5, 'min_child_weight': 0.03448291711965682, 'min_split_gain': 0.02873721860276618, 'cat_smooth': 41.06306244734352, 'cat_l2': 15.848378617117591}. Best is trial 5 with value: 4.297216683113826.[0m
Training until validation scores don't improve for 30 rounds
Early stopping, best iteration is:
[413]	valid_0's rmse: 4.37013	valid_0's l2: 19.098
Training until validation scores don't improve for 30 rounds
Early stopping, best iteration is:
[156]	valid_0's rmse: 4.86612	valid_0's l2: 23.6792
Training until validation scores don't improve for 30 rounds
Early stopping, best iteration is:
[192]	valid_0's rmse: 4.43739	valid_0's l2: 19.6904
Training until validation scores don't improve for 30 rounds
Early stopping, best iteration is:
[236]	valid_0's rmse: 4.66907	valid_0's l2: 21.8002
Training until validation scores don't improve for 30 rounds
Early stopping, best iteration is:
[187]	valid_0's rmse: 4.47627	valid_0's l2: 20.037
[32m[I 2026-07-24 11:10:57,724][0m Trial 18 finished with value: 4.563796915959744 and parameters: {'boosting_type': 'gbdt', 'max_depth': 7, 'num_leaves': 201, 'learning_rate': 0.06423117231057557, 'n_estimators': 2525, 'subsample': 0.7491540174256828, 'subsample_freq': 4, 'colsample_bytree': 0.5174932093152108, 'reg_alpha': 1.1675000281136075e-08, 'reg_lambda': 6.227228812074839e-07, 'min_child_samples': 46, 'min_child_weight': 0.08103720002258531, 'min_split_gain': 0.015275097637941222, 'cat_smooth': 39.40479437544058, 'cat_l2': 15.652222174383638}. Best is trial 5 with value: 4.297216683113826.[0m
Training until validation scores don't improve for 30 rounds
Early stopping, best iteration is:
[77]	valid_0's rmse: 4.32614	valid_0's l2: 18.7155
Training until validation scores don't improve for 30 rounds
Early stopping, best iteration is:
[104]	valid_0's rmse: 4.57195	valid_0's l2: 20.9028
Training until validation scores don't improve for 30 rounds
Early stopping, best iteration is:
[69]	valid_0's rmse: 4.25734	valid_0's l2: 18.125
Training until validation scores don't improve for 30 rounds
Early stopping, best iteration is:
[42]	valid_0's rmse: 5.12645	valid_0's l2: 26.2805
Training until validation scores don't improve for 30 rounds
Early stopping, best iteration is:
[64]	valid_0's rmse: 4.46816	valid_0's l2: 19.9645
[32m[I 2026-07-24 11:10:58,860][0m Trial 19 finished with value: 4.550009199877296 and parameters: {'boosting_type': 'gbdt', 'max_depth': 6, 'num_leaves': 239, 'learning_rate': 0.16762005100562177, 'n_estimators': 1980, 'subsample': 0.6555230826661727, 'subsample_freq': 8, 'colsample_bytree': 0.6481152720029172, 'reg_alpha': 4.3918560358086856e-07, 'reg_lambda': 0.000109643496455972, 'min_child_samples': 16, 'min_child_weight': 0.027646024422762983, 'min_split_gain': 0.11661632701787483, 'cat_smooth': 42.670722215089164, 'cat_l2': 37.42899083388926}. Best is trial 5 with value: 4.297216683113826.[0m
Training until validation scores don't improve for 30 rounds
Early stopping, best iteration is:
[80]	valid_0's rmse: 4.48678	valid_0's l2: 20.1312
Training until validation scores don't improve for 30 rounds
Early stopping, best iteration is:
[76]	valid_0's rmse: 4.22174	valid_0's l2: 17.8231
Training until validation scores don't improve for 30 rounds
Early stopping, best iteration is:
[225]	valid_0's rmse: 3.73809	valid_0's l2: 13.9733
Training until validation scores don't improve for 30 rounds
Early stopping, best iteration is:
[81]	valid_0's rmse: 4.65053	valid_0's l2: 21.6275
Training until validation scores don't improve for 30 rounds
Early stopping, best iteration is:
[200]	valid_0's rmse: 4.28752	valid_0's l2: 18.3828
[32m[I 2026-07-24 11:11:02,636][0m Trial 20 finished with value: 4.276932054392963 and parameters: {'boosting_type': 'gbdt', 'max_depth': 10, 'num_leaves': 191, 'learning_rate': 0.06630427692127172, 'n_estimators': 2246, 'subsample': 0.8567441880400792, 'subsample_freq': 5, 'colsample_bytree': 0.7592802509115789, 'reg_alpha': 1.6344535462585371e-06, 'reg_lambda': 2.264467523958057e-07, 'min_child_samples': 5, 'min_child_weight': 0.0321058839377235, 'min_split_gain': 0.26455318783752513, 'cat_smooth': 29.487850005602965, 'cat_l2': 0.2808827541758987}. Best is trial 20 with value: 4.276932054392963.[0m
Training until validation scores don't improve for 30 rounds
Early stopping, best iteration is:
[57]	valid_0's rmse: 4.38234	valid_0's l2: 19.2049
Training until validation scores don't improve for 30 rounds
Early stopping, best iteration is:
[81]	valid_0's rmse: 4.24043	valid_0's l2: 17.9813
Training until validation scores don't improve for 30 rounds
Early stopping, best iteration is:
[267]	valid_0's rmse: 3.87607	valid_0's l2: 15.0239
Training until validation scores don't improve for 30 rounds
Early stopping, best iteration is:
[124]	valid_0's rmse: 4.71884	valid_0's l2: 22.2674
Training until validation scores don't improve for 30 rounds
Early stopping, best iteration is:
[201]	valid_0's rmse: 4.22126	valid_0's l2: 17.8191
[32m[I 2026-07-24 11:11:07,255][0m Trial 21 finished with value: 4.2878356949760805 and parameters: {'boosting_type': 'gbdt', 'max_depth': 10, 'num_leaves': 197, 'learning_rate': 0.060840037198964914, 'n_estimators': 2263, 'subsample': 0.8591984592078709, 'subsample_freq': 5, 'colsample_bytree': 0.8008410834065427, 'reg_alpha': 1.5346929166063795e-06, 'reg_lambda': 4.043348229982824e-07, 'min_child_samples': 5, 'min_child_weight': 0.02960505134981987, 'min_split_gain': 0.26419015166769444, 'cat_smooth': 28.292450998595505, 'cat_l2': 0.2964520830783916}. Best is trial 20 with value: 4.276932054392963.[0m
Training until validation scores don't improve for 30 rounds
Early stopping, best iteration is:
[143]	valid_0's rmse: 4.31303	valid_0's l2: 18.6022
Training until validation scores don't improve for 30 rounds
Early stopping, best iteration is:
[83]	valid_0's rmse: 4.25118	valid_0's l2: 18.0725
Training until validation scores don't improve for 30 rounds
Early stopping, best iteration is:
[311]	valid_0's rmse: 3.99075	valid_0's l2: 15.9261
Training until validation scores don't improve for 30 rounds
Early stopping, best iteration is:
[170]	valid_0's rmse: 4.778	valid_0's l2: 22.8293
Training until validation scores don't improve for 30 rounds
Early stopping, best iteration is:
[216]	valid_0's rmse: 4.30361	valid_0's l2: 18.521
[32m[I 2026-07-24 11:11:10,945][0m Trial 22 finished with value: 4.327313225241566 and parameters: {'boosting_type': 'gbdt', 'max_depth': 10, 'num_leaves': 181, 'learning_rate': 0.05859179368632154, 'n_estimators': 2256, 'subsample': 0.944832254476198, 'subsample_freq': 5, 'colsample_bytree': 0.8126215336090237, 'reg_alpha': 2.235626356725155e-06, 'reg_lambda': 2.401947530525129e-07, 'min_child_samples': 15, 'min_child_weight': 0.010523974901401504, 'min_split_gain': 0.2826532062604397, 'cat_smooth': 28.012186774559183, 'cat_l2': 3.2514599657577734}. Best is trial 20 with value: 4.276932054392963.[0m
Training until validation scores don't improve for 30 rounds
Early stopping, best iteration is:
[241]	valid_0's rmse: 4.35196	valid_0's l2: 18.9396
Training until validation scores don't improve for 30 rounds
Early stopping, best iteration is:
[259]	valid_0's rmse: 4.50696	valid_0's l2: 20.3127
Training until validation scores don't improve for 30 rounds
Early stopping, best iteration is:
[476]	valid_0's rmse: 4.04312	valid_0's l2: 16.3468
Training until validation scores don't improve for 30 rounds
Early stopping, best iteration is:
[352]	valid_0's rmse: 4.66271	valid_0's l2: 21.7408
Training until validation scores don't improve for 30 rounds
Early stopping, best iteration is:
[396]	valid_0's rmse: 4.24118	valid_0's l2: 17.9876
[32m[I 2026-07-24 11:11:15,848][0m Trial 23 finished with value: 4.361186607586619 and parameters: {'boosting_type': 'gbdt', 'max_depth': 10, 'num_leaves': 221, 'learning_rate': 0.03145954003371757, 'n_estimators': 1870, 'subsample': 0.856340352003517, 'subsample_freq': 4, 'colsample_bytree': 0.7749441343018648, 'reg_alpha': 7.144573918629452e-08, 'reg_lambda': 1.4788350684374574e-06, 'min_child_samples': 24, 'min_child_weight': 0.04495239272882036, 'min_split_gain': 0.1368212299877024, 'cat_smooth': 29.334332428481027, 'cat_l2': 0.4837441651463801}. Best is trial 20 with value: 4.276932054392963.[0m
Training until validation scores don't improve for 30 rounds
Early stopping, best iteration is:
[75]	valid_0's rmse: 4.47022	valid_0's l2: 19.9829
Training until validation scores don't improve for 30 rounds
Early stopping, best iteration is:
[160]	valid_0's rmse: 4.16017	valid_0's l2: 17.307
Training until validation scores don't improve for 30 rounds
Early stopping, best iteration is:
[129]	valid_0's rmse: 4.02593	valid_0's l2: 16.2081
Training until validation scores don't improve for 30 rounds
Early stopping, best iteration is:
[120]	valid_0's rmse: 4.57437	valid_0's l2: 20.9249
Training until validation scores don't improve for 30 rounds
Early stopping, best iteration is:
[183]	valid_0's rmse: 4.45203	valid_0's l2: 19.8206
[32m[I 2026-07-24 11:11:18,780][0m Trial 24 finished with value: 4.33654615797956 and parameters: {'boosting_type': 'gbdt', 'max_depth': 14, 'num_leaves': 138, 'learning_rate': 0.07549237993194743, 'n_estimators': 2384, 'subsample': 0.8441811834021302, 'subsample_freq': 5, 'colsample_bytree': 0.9642728775539076, 'reg_alpha': 1.6544088246014548e-06, 'reg_lambda': 9.998638355585925e-08, 'min_child_samples': 14, 'min_child_weight': 0.0016692568977469012, 'min_split_gain': 0.4976410049895919, 'cat_smooth': 24.347719884536072, 'cat_l2': 6.506509561756232}. Best is trial 20 with value: 4.276932054392963.[0m
Training until validation scores don't improve for 30 rounds
Early stopping, best iteration is:
[453]	valid_0's rmse: 4.47771	valid_0's l2: 20.0499
Training until validation scores don't improve for 30 rounds
Early stopping, best iteration is:
[402]	valid_0's rmse: 4.52003	valid_0's l2: 20.4307
[32m[I 2026-07-24 11:11:21,013][0m Trial 25 pruned. [0m
[32m[I 2026-07-24 11:11:36,640][0m Trial 26 pruned. [0m
Training until validation scores don't improve for 30 rounds
Early stopping, best iteration is:
[352]	valid_0's rmse: 4.3343	valid_0's l2: 18.7862
Training until validation scores don't improve for 30 rounds
Early stopping, best iteration is:
[383]	valid_0's rmse: 4.09289	valid_0's l2: 16.7518
Training until validation scores don't improve for 30 rounds
Early stopping, best iteration is:
[497]	valid_0's rmse: 3.83891	valid_0's l2: 14.7372
Training until validation scores don't improve for 30 rounds
Early stopping, best iteration is:
[334]	valid_0's rmse: 4.82777	valid_0's l2: 23.3074
Training until validation scores don't improve for 30 rounds
Early stopping, best iteration is:
[399]	valid_0's rmse: 4.03671	valid_0's l2: 16.2951
[32m[I 2026-07-24 11:11:50,483][0m Trial 27 finished with value: 4.226117376255748 and parameters: {'boosting_type': 'gbdt', 'max_depth': 13, 'num_leaves': 184, 'learning_rate': 0.014033561477742575, 'n_estimators': 2673, 'subsample': 0.8387367699572772, 'subsample_freq': 8, 'colsample_bytree': 0.8020789338477624, 'reg_alpha': 2.693605101548633e-06, 'reg_lambda': 1.2491428268099701e-06, 'min_child_samples': 5, 'min_child_weight': 0.0991927233514845, 'min_split_gain': 0.3796109619730875, 'cat_smooth': 24.02246016961098, 'cat_l2': 0.05257299566305046}. Best is trial 27 with value: 4.226117376255748.[0m
Training until validation scores don't improve for 30 rounds
Early stopping, best iteration is:
[784]	valid_0's rmse: 4.43986	valid_0's l2: 19.7123
Training until validation scores don't improve for 30 rounds
Early stopping, best iteration is:
[512]	valid_0's rmse: 4.58672	valid_0's l2: 21.038
Training until validation scores don't improve for 30 rounds
Early stopping, best iteration is:
[878]	valid_0's rmse: 4.26517	valid_0's l2: 18.1917
[32m[I 2026-07-24 11:11:55,239][0m Trial 28 pruned. [0m
[32m[I 2026-07-24 11:12:02,920][0m Trial 29 pruned. [0m
Training until validation scores don't improve for 30 rounds
Early stopping, best iteration is:
[393]	valid_0's rmse: 4.36069	valid_0's l2: 19.0156
Training until validation scores don't improve for 30 rounds
Early stopping, best iteration is:
[330]	valid_0's rmse: 4.25767	valid_0's l2: 18.1278
Training until validation scores don't improve for 30 rounds
Early stopping, best iteration is:
[419]	valid_0's rmse: 4.01252	valid_0's l2: 16.1003
Training until validation scores don't improve for 30 rounds
Early stopping, best iteration is:
[325]	valid_0's rmse: 4.93715	valid_0's l2: 24.3755
Training until validation scores don't improve for 30 rounds
Early stopping, best iteration is:
[226]	valid_0's rmse: 4.09779	valid_0's l2: 16.7919
[32m[I 2026-07-24 11:12:08,771][0m Trial 30 finished with value: 4.333164061835402 and parameters: {'boosting_type': 'gbdt', 'max_depth': 11, 'num_leaves': 178, 'learning_rate': 0.02910295202573123, 'n_estimators': 2788, 'subsample': 0.9998742124489957, 'subsample_freq': 9, 'colsample_bytree': 0.9297358309465046, 'reg_alpha': 0.00036114972447454617, 'reg_lambda': 3.570086147175627e-05, 'min_child_samples': 12, 'min_child_weight': 0.04756432750755505, 'min_split_gain': 0.20788890039097763, 'cat_smooth': 1.2824085415017237, 'cat_l2': 4.762961629599653}. Best is trial 27 with value: 4.226117376255748.[0m
Training until validation scores don't improve for 30 rounds
Early stopping, best iteration is:
[90]	valid_0's rmse: 4.21466	valid_0's l2: 17.7634
Training until validation scores don't improve for 30 rounds
Early stopping, best iteration is:
[51]	valid_0's rmse: 4.14693	valid_0's l2: 17.1971
Training until validation scores don't improve for 30 rounds
Early stopping, best iteration is:
[105]	valid_0's rmse: 3.91541	valid_0's l2: 15.3304
Training until validation scores don't improve for 30 rounds
Early stopping, best iteration is:
[76]	valid_0's rmse: 4.50433	valid_0's l2: 20.289
Training until validation scores don't improve for 30 rounds
Early stopping, best iteration is:
[114]	valid_0's rmse: 4.18504	valid_0's l2: 17.5145
[32m[I 2026-07-24 11:12:11,370][0m Trial 31 finished with value: 4.193275123349019 and parameters: {'boosting_type': 'gbdt', 'max_depth': 13, 'num_leaves': 207, 'learning_rate': 0.07972853697737219, 'n_estimators': 2528, 'subsample': 0.7687144407189006, 'subsample_freq': 7, 'colsample_bytree': 0.8086225090939069, 'reg_alpha': 7.755813775235473e-08, 'reg_lambda': 8.693640448011097e-08, 'min_child_samples': 5, 'min_child_weight': 0.018507434686991182, 'min_split_gain': 0.33666075222263486, 'cat_smooth': 24.624194552982143, 'cat_l2': 9.879759171368914}. Best is trial 31 with value: 4.193275123349019.[0m
Training until validation scores don't improve for 30 rounds
Early stopping, best iteration is:
[72]	valid_0's rmse: 4.3561	valid_0's l2: 18.9756
Training until validation scores don't improve for 30 rounds
Early stopping, best iteration is:
[51]	valid_0's rmse: 4.29037	valid_0's l2: 18.4073
Training until validation scores don't improve for 30 rounds
Early stopping, best iteration is:
[84]	valid_0's rmse: 3.81802	valid_0's l2: 14.5772
Training until validation scores don't improve for 30 rounds
Early stopping, best iteration is:
[49]	valid_0's rmse: 4.5931	valid_0's l2: 21.0965
Training until validation scores don't improve for 30 rounds
Early stopping, best iteration is:
[78]	valid_0's rmse: 4.3893	valid_0's l2: 19.266
[32m[I 2026-07-24 11:12:13,956][0m Trial 32 finished with value: 4.289376013931767 and parameters: {'boosting_type': 'gbdt', 'max_depth': 13, 'num_leaves': 233, 'learning_rate': 0.08582076027919937, 'n_estimators': 2590, 'subsample': 0.7778189651077828, 'subsample_freq': 7, 'colsample_bytree': 0.8269988313304001, 'reg_alpha': 9.200063202524119e-08, 'reg_lambda': 6.926296663120378e-07, 'min_child_samples': 5, 'min_child_weight': 0.01997290597340329, 'min_split_gain': 0.3821393949065767, 'cat_smooth': 22.880048370636583, 'cat_l2': 11.322471757116183}. Best is trial 31 with value: 4.193275123349019.[0m
Training until validation scores don't improve for 30 rounds
Early stopping, best iteration is:
[328]	valid_0's rmse: 4.57318	valid_0's l2: 20.9139
Training until validation scores don't improve for 30 rounds
Early stopping, best iteration is:
[363]	valid_0's rmse: 4.34662	valid_0's l2: 18.8931
[32m[I 2026-07-24 11:12:15,694][0m Trial 33 pruned. [0m
[32m[I 2026-07-24 11:12:46,943][0m Trial 34 finished with value: 4.220529300973462 and parameters: {'boosting_type': 'dart', 'max_depth': 11, 'num_leaves': 190, 'learning_rate': 0.030252373987271593, 'n_estimators': 2806, 'subsample': 0.8348134979782805, 'subsample_freq': 8, 'colsample_bytree': 0.7007327833677982, 'reg_alpha': 5.343611414487081e-06, 'reg_lambda': 4.243028948593482e-06, 'min_child_samples': 12, 'min_child_weight': 0.09805966672593529, 'min_split_gain': 0.4549074649806149, 'cat_smooth': 16.827223634994958, 'cat_l2': 3.2989375452102596, 'drop_rate': 0.15525870591280835, 'max_drop': 1, 'skip_drop': 0.18792572659193343}. Best is trial 31 with value: 4.193275123349019.[0m
[32m[I 2026-07-24 11:13:19,696][0m Trial 35 finished with value: 4.21991127139548 and parameters: {'boosting_type': 'dart', 'max_depth': 11, 'num_leaves': 155, 'learning_rate': 0.02711121988037711, 'n_estimators': 2998, 'subsample': 0.8226940754256984, 'subsample_freq': 8, 'colsample_bytree': 0.6649621934569596, 'reg_alpha': 6.548062852566303e-06, 'reg_lambda': 3.7177028391843044e-06, 'min_child_samples': 13, 'min_child_weight': 0.059380844566714115, 'min_split_gain': 0.4715081998964914, 'cat_smooth': 15.589217346411232, 'cat_l2': 3.182283631406268, 'drop_rate': 0.16536309623454618, 'max_drop': 1, 'skip_drop': 0.18987457479896916}. Best is trial 31 with value: 4.193275123349019.[0m
[32m[I 2026-07-24 11:13:40,171][0m Trial 36 finished with value: 4.322553519166581 and parameters: {'boosting_type': 'dart', 'max_depth': 12, 'num_leaves': 149, 'learning_rate': 0.03271215241414484, 'n_estimators': 3000, 'subsample': 0.6768338121862589, 'subsample_freq': 8, 'colsample_bytree': 0.6931661833678018, 'reg_alpha': 3.639607240742156e-05, 'reg_lambda': 6.035364849705492e-06, 'min_child_samples': 28, 'min_child_weight': 0.0947090818982481, 'min_split_gain': 0.58645922369598, 'cat_smooth': 6.434221923956178, 'cat_l2': 4.762871524707952, 'drop_rate': 0.16672604200312427, 'max_drop': 1, 'skip_drop': 0.19212852125009405}. Best is trial 31 with value: 4.193275123349019.[0m
[32m[I 2026-07-24 11:13:59,500][0m Trial 37 pruned. [0m
[32m[I 2026-07-24 11:14:04,072][0m Trial 38 pruned. [0m
[32m[I 2026-07-24 11:14:19,049][0m Trial 39 pruned. [0m
[32m[I 2026-07-24 11:14:56,641][0m Trial 40 pruned. [0m
[32m[I 2026-07-24 11:15:26,863][0m Trial 41 pruned. [0m
[32m[I 2026-07-24 11:15:45,041][0m Trial 42 pruned. [0m
[32m[I 2026-07-24 11:16:15,988][0m Trial 43 finished with value: 4.296789037562671 and parameters: {'boosting_type': 'dart', 'max_depth': 9, 'num_leaves': 172, 'learning_rate': 0.05215168456520633, 'n_estimators': 3000, 'subsample': 0.8791046018200599, 'subsample_freq': 8, 'colsample_bytree': 0.7782869815880883, 'reg_alpha': 4.2513420386399576e-08, 'reg_lambda': 1.2021122476106285e-06, 'min_child_samples': 28, 'min_child_weight': 0.05385034179486787, 'min_split_gain': 0.5486989050581258, 'cat_smooth': 19.339826121448617, 'cat_l2': 4.365603401790642, 'drop_rate': 0.1267464539495952, 'max_drop': 6, 'skip_drop': 0.17970834968109947}. Best is trial 31 with value: 4.193275123349019.[0m
[32m[I 2026-07-24 11:16:53,651][0m Trial 44 pruned. [0m
[32m[I 2026-07-24 11:17:09,260][0m Trial 45 pruned. [0m
[32m[I 2026-07-24 11:17:51,538][0m Trial 46 finished with value: 4.220016857947771 and parameters: {'boosting_type': 'dart', 'max_depth': 12, 'num_leaves': 236, 'learning_rate': 0.1379284693309781, 'n_estimators': 2475, 'subsample': 0.7988122984972191, 'subsample_freq': 6, 'colsample_bytree': 0.8432682415416217, 'reg_alpha': 1.937785684224826e-05, 'reg_lambda': 5.5161058685337725e-08, 'min_child_samples': 10, 'min_child_weight': 0.037115470370489415, 'min_split_gain': 0.1919092756190009, 'cat_smooth': 13.789767800043437, 'cat_l2': 1.7303703465876556, 'drop_rate': 0.1404791570387697, 'max_drop': 6, 'skip_drop': 0.13036479304403625}. Best is trial 31 with value: 4.193275123349019.[0m
[32m[I 2026-07-24 11:18:01,064][0m Trial 47 pruned. [0m
[32m[I 2026-07-24 11:18:24,590][0m Trial 48 pruned. [0m
[32m[I 2026-07-24 11:18:30,453][0m Trial 49 pruned. [0m

=== Best Trial ===
  CV RMSE: 4.193275
  Params:  {'boosting_type': 'gbdt', 'max_depth': 13, 'num_leaves': 207, 'learning_rate': 0.07972853697737219, 'n_estimators': 2528, 'subsample': 0.7687144407189006, 'subsample_freq': 7, 'colsample_bytree': 0.8086225090939069, 'reg_alpha': 7.755813775235473e-08, 'reg_lambda': 8.693640448011097e-08, 'min_child_samples': 5, 'min_child_weight': 0.018507434686991182, 'min_split_gain': 0.33666075222263486, 'cat_smooth': 24.624194552982143, 'cat_l2': 9.879759171368914}

============================================================
Training Final Model with Best Hyperparameters
============================================================
Training until validation scores don't improve for 50 rounds
[50]	valid_0's rmse: 1.18547	valid_0's l2: 1.40534
[100]	valid_0's rmse: 0.756419	valid_0's l2: 0.57217
[150]	valid_0's rmse: 0.589532	valid_0's l2: 0.347548
Early stopping, best iteration is:
[147]	valid_0's rmse: 0.583521	valid_0's l2: 0.340497

============================================================
Test Evaluation
============================================================
  Test MSE:  18.9811
  Test RMSE: 4.3567
  Test MAE:  3.2794
  Test R²:   0.6291

============================================================
Top 20 Feature Importances
============================================================
   1. tail_ratio                 415.0
   2. LogP                       327.0
   3. atom_mean_35               286.0
   4. MolWt                      281.0
   5. atom_std_25                227.0
   6. RotBonds                   203.0
   7. atom_std_54                189.0
   8. atom_mean_23               171.0
   9. atom_mean_47               153.0
  10. atom_std_35                144.0
  11. atom_mean_48               144.0
  12. atom_std_47                143.0
  13. atom_mean_17               138.0
  14. atom_mean_39               132.0
  15. atom_mean_3                131.0
  16. atom_std_39                128.0
  17. atom_mean_26               124.0
  18. atom_mean_54               120.0
  19. HeavyAtoms                 119.0
  20. atom_mean_38               114.0

Plot saved to runs\AW_ST_CMC\AW_ST_CMC_lightgbm_20260724_110941\pred_vs_true.png
Model saved to runs\AW_ST_CMC\AW_ST_CMC_lightgbm_20260724_110941\model.pkl

============================================================
SUMMARY — LightGBM + PharmHGT Features
============================================================
  Features:  522-dim (atom_agg + bond_agg + MACCS + BRICS + surfactant + descriptors)
  Train:     843 (split 737 train + 106 val)
  Test:      70
  Optuna:    50 trials, 5-fold CV
  Best CV RMSE: 4.1933
  Test RMSE: 4.3567
  Test MAE:  3.2794
  Test R²:   0.6291

指标已保存: runs\AW_ST_CMC\AW_ST_CMC_lightgbm_20260724_110941\metrics.json
索引已更新: runs\AW_ST_CMC\_runs_index.csv
索引已更新: runs\_runs_index.csv
