============================================================
catboost — 运行开始  20260722_181638
  输出目录:  runs\catboost_20260722_181638
============================================================
============================================================
CatBoost + PharmHGT-style Featurization for LogCMC (pCMC) Prediction
============================================================
[Cache HIT] Loading features from data\features\surfpro
  Train features: (1204, 522)
  Test features:  (140, 522)

Split: Train 1053, Val 151, Test 140

============================================================
Optuna Hyperparameter Tuning (50 trials, 5-Fold CV)
============================================================
[32m[I 2026-07-22 18:16:48,388][0m Trial 0 finished with value: 0.48758618315433006 and parameters: {'depth': 6, 'learning_rate': 0.24517932047070642, 'iterations': 2330, 'l2_leaf_reg': 10.401663679887308, 'random_strength': 1.5601864044243652, 'bagging_temperature': 1.5599452033620265, 'border_count': 45, 'one_hot_max_size': 44, 'leaf_estimation_iterations': 7, 'min_data_in_leaf': 36}. Best is trial 0 with value: 0.48758618315433006.[0m
[32m[I 2026-07-22 18:16:51,696][0m Trial 1 finished with value: 0.4983706481965383 and parameters: {'depth': 4, 'learning_rate': 0.2652261985899886, 'iterations': 2581, 'l2_leaf_reg': 2.2948683681130553, 'random_strength': 1.8182496720710062, 'bagging_temperature': 1.8340450985343382, 'border_count': 100, 'one_hot_max_size': 27, 'leaf_estimation_iterations': 5, 'min_data_in_leaf': 15}. Best is trial 0 with value: 0.48758618315433006.[0m
[32m[I 2026-07-22 18:18:32,432][0m Trial 2 finished with value: 0.49226051356127076 and parameters: {'depth': 8, 'learning_rate': 0.008851384099881301, 'iterations': 1230, 'l2_leaf_reg': 4.192159350410974, 'random_strength': 4.56069984217036, 'bagging_temperature': 7.851759613930136, 'border_count': 76, 'one_hot_max_size': 27, 'leaf_estimation_iterations': 6, 'min_data_in_leaf': 3}. Best is trial 0 with value: 0.48758618315433006.[0m
[32m[I 2026-07-22 18:19:21,113][0m Trial 3 finished with value: 0.6223892669594683 and parameters: {'depth': 8, 'learning_rate': 0.0100505004670421, 'iterations': 662, 'l2_leaf_reg': 40.938136085987814, 'random_strength': 9.656320330745594, 'bagging_temperature': 8.08397348116461, 'border_count': 100, 'one_hot_max_size': 6, 'leaf_estimation_iterations': 7, 'min_data_in_leaf': 23}. Best is trial 0 with value: 0.48758618315433006.[0m
[32m[I 2026-07-22 18:19:30,393][0m Trial 4 finished with value: 0.5165832396126643 and parameters: {'depth': 4, 'learning_rate': 0.03797252233376349, 'iterations': 586, 'l2_leaf_reg': 35.06776499297218, 'random_strength': 2.587799816000169, 'bagging_temperature': 6.62522284353982, 'border_count': 101, 'one_hot_max_size': 27, 'leaf_estimation_iterations': 6, 'min_data_in_leaf': 10}. Best is trial 0 with value: 0.48758618315433006.[0m
[32m[I 2026-07-22 18:29:02,680][0m Trial 5 finished with value: 0.4725271128212212 and parameters: {'depth': 10, 'learning_rate': 0.11947399979512872, 'iterations': 2849, 'l2_leaf_reg': 33.13483615508948, 'random_strength': 5.978999788110851, 'bagging_temperature': 9.218742350231167, 'border_count': 51, 'one_hot_max_size': 11, 'leaf_estimation_iterations': 1, 'min_data_in_leaf': 17}. Best is trial 5 with value: 0.4725271128212212.[0m
[32m[I 2026-07-22 18:30:28,725][0m Trial 6 finished with value: 0.4685940224265095 and parameters: {'depth': 6, 'learning_rate': 0.015186917176306207, 'iterations': 2572, 'l2_leaf_reg': 4.037506188440754, 'random_strength': 2.8093450968738076, 'bagging_temperature': 5.426960831582485, 'border_count': 63, 'one_hot_max_size': 41, 'leaf_estimation_iterations': 1, 'min_data_in_leaf': 50}. Best is trial 6 with value: 0.4685940224265095.[0m
[32m[I 2026-07-22 18:31:18,761][0m Trial 7 pruned. [0m
[32m[I 2026-07-22 18:37:37,310][0m Trial 8 finished with value: 0.4781228716754896 and parameters: {'depth': 10, 'learning_rate': 0.06416354462323627, 'iterations': 1327, 'l2_leaf_reg': 1.2822825454807552, 'random_strength': 3.109823217156622, 'bagging_temperature': 3.2518332202674705, 'border_count': 195, 'one_hot_max_size': 33, 'leaf_estimation_iterations': 9, 'min_data_in_leaf': 24}. Best is trial 6 with value: 0.4685940224265095.[0m
[32m[I 2026-07-22 18:38:07,885][0m Trial 9 finished with value: 0.47766055161059634 and parameters: {'depth': 4, 'learning_rate': 0.09273146363606355, 'iterations': 2402, 'l2_leaf_reg': 8.98655264400719, 'random_strength': 7.70967179954561, 'bagging_temperature': 4.937955963643907, 'border_count': 149, 'one_hot_max_size': 22, 'leaf_estimation_iterations': 1, 'min_data_in_leaf': 6}. Best is trial 6 with value: 0.4685940224265095.[0m
[32m[I 2026-07-22 18:39:06,113][0m Trial 10 finished with value: 0.46658529339615684 and parameters: {'depth': 6, 'learning_rate': 0.022168322047867128, 'iterations': 1795, 'l2_leaf_reg': 1.0727948694969782, 'random_strength': 0.231938040268318, 'bagging_temperature': 4.846329422187026, 'border_count': 246, 'one_hot_max_size': 49, 'leaf_estimation_iterations': 10, 'min_data_in_leaf': 50}. Best is trial 10 with value: 0.46658529339615684.[0m
[32m[I 2026-07-22 18:40:08,756][0m Trial 11 finished with value: 0.4626125132749367 and parameters: {'depth': 6, 'learning_rate': 0.021485925145192458, 'iterations': 1789, 'l2_leaf_reg': 1.1618660012301338, 'random_strength': 0.17969310408195732, 'bagging_temperature': 5.067513908237887, 'border_count': 253, 'one_hot_max_size': 50, 'leaf_estimation_iterations': 10, 'min_data_in_leaf': 49}. Best is trial 11 with value: 0.4626125132749367.[0m
[32m[I 2026-07-22 18:40:57,472][0m Trial 12 finished with value: 0.46946206338487545 and parameters: {'depth': 6, 'learning_rate': 0.026560778568023646, 'iterations': 1808, 'l2_leaf_reg': 1.1037556837656008, 'random_strength': 0.15167704974627264, 'bagging_temperature': 4.128640659788479, 'border_count': 254, 'one_hot_max_size': 50, 'leaf_estimation_iterations': 10, 'min_data_in_leaf': 50}. Best is trial 11 with value: 0.4626125132749367.[0m
[32m[I 2026-07-22 18:42:52,071][0m Trial 13 finished with value: 0.4803025642360882 and parameters: {'depth': 7, 'learning_rate': 0.005243367828857664, 'iterations': 1859, 'l2_leaf_reg': 1.89564905438517, 'random_strength': 0.27259499039617857, 'bagging_temperature': 3.1003722710560164, 'border_count': 254, 'one_hot_max_size': 49, 'leaf_estimation_iterations': 10, 'min_data_in_leaf': 41}. Best is trial 11 with value: 0.4626125132749367.[0m
[32m[I 2026-07-22 18:43:35,260][0m Trial 14 finished with value: 0.4650510773646748 and parameters: {'depth': 5, 'learning_rate': 0.0234705823565101, 'iterations': 1852, 'l2_leaf_reg': 2.1668048358281284, 'random_strength': 0.26750477518112403, 'bagging_temperature': 5.995295581865306, 'border_count': 219, 'one_hot_max_size': 39, 'leaf_estimation_iterations': 9, 'min_data_in_leaf': 41}. Best is trial 11 with value: 0.4626125132749367.[0m
[32m[I 2026-07-22 18:43:59,062][0m Trial 15 finished with value: 0.47043916903071414 and parameters: {'depth': 5, 'learning_rate': 0.04473545059175715, 'iterations': 1360, 'l2_leaf_reg': 2.8646360758570206, 'random_strength': 1.351536993636897, 'bagging_temperature': 0.20913566483403923, 'border_count': 214, 'one_hot_max_size': 38, 'leaf_estimation_iterations': 8, 'min_data_in_leaf': 39}. Best is trial 11 with value: 0.4626125132749367.[0m
[32m[I 2026-07-22 18:45:04,015][0m Trial 16 finished with value: 0.47059257864008563 and parameters: {'depth': 5, 'learning_rate': 0.020244065449116586, 'iterations': 2070, 'l2_leaf_reg': 1.7487954147906717, 'random_strength': 4.36206171037035, 'bagging_temperature': 6.253453045257585, 'border_count': 163, 'one_hot_max_size': 35, 'leaf_estimation_iterations': 8, 'min_data_in_leaf': 33}. Best is trial 11 with value: 0.4626125132749367.[0m
[32m[I 2026-07-22 18:45:36,251][0m Trial 17 finished with value: 0.46217729100182103 and parameters: {'depth': 5, 'learning_rate': 0.03664217743180425, 'iterations': 1566, 'l2_leaf_reg': 5.957481434357551, 'random_strength': 1.2271833662437888, 'bagging_temperature': 9.026571487153403, 'border_count': 224, 'one_hot_max_size': 43, 'leaf_estimation_iterations': 9, 'min_data_in_leaf': 42}. Best is trial 17 with value: 0.46217729100182103.[0m
[32m[I 2026-07-22 18:46:33,719][0m Trial 18 finished with value: 0.4649881435168478 and parameters: {'depth': 7, 'learning_rate': 0.050100803649528576, 'iterations': 1482, 'l2_leaf_reg': 9.25334817810624, 'random_strength': 4.10409459471022, 'bagging_temperature': 9.793335500402202, 'border_count': 178, 'one_hot_max_size': 44, 'leaf_estimation_iterations': 9, 'min_data_in_leaf': 44}. Best is trial 17 with value: 0.46217729100182103.[0m
[32m[I 2026-07-22 18:47:15,031][0m Trial 19 finished with value: 0.4709951636563624 and parameters: {'depth': 7, 'learning_rate': 0.09707738723601814, 'iterations': 1073, 'l2_leaf_reg': 17.221222833973332, 'random_strength': 1.4677457368035614, 'bagging_temperature': 8.570654569467807, 'border_count': 230, 'one_hot_max_size': 44, 'leaf_estimation_iterations': 8, 'min_data_in_leaf': 32}. Best is trial 17 with value: 0.46217729100182103.[0m
[32m[I 2026-07-22 18:47:34,613][0m Trial 20 finished with value: 0.4745983466205332 and parameters: {'depth': 5, 'learning_rate': 0.03429239832121314, 'iterations': 852, 'l2_leaf_reg': 5.376676144451148, 'random_strength': 3.3908721964266633, 'bagging_temperature': 7.2961342041232555, 'border_count': 134, 'one_hot_max_size': 17, 'leaf_estimation_iterations': 4, 'min_data_in_leaf': 45}. Best is trial 17 with value: 0.46217729100182103.[0m
[32m[I 2026-07-22 18:48:52,168][0m Trial 21 finished with value: 0.46610662904656747 and parameters: {'depth': 7, 'learning_rate': 0.05346032535398698, 'iterations': 1536, 'l2_leaf_reg': 8.211595358810351, 'random_strength': 4.654244994256224, 'bagging_temperature': 9.974698284809733, 'border_count': 194, 'one_hot_max_size': 45, 'leaf_estimation_iterations': 9, 'min_data_in_leaf': 44}. Best is trial 17 with value: 0.46217729100182103.[0m
[32m[I 2026-07-22 18:50:31,648][0m Trial 22 finished with value: 0.4725736529897544 and parameters: {'depth': 8, 'learning_rate': 0.06537919890772159, 'iterations': 1551, 'l2_leaf_reg': 13.191318486521244, 'random_strength': 2.0953201414079468, 'bagging_temperature': 9.656825105431013, 'border_count': 182, 'one_hot_max_size': 44, 'leaf_estimation_iterations': 9, 'min_data_in_leaf': 45}. Best is trial 17 with value: 0.46217729100182103.[0m
[32m[I 2026-07-22 18:52:07,233][0m Trial 23 finished with value: 0.46532586295440037 and parameters: {'depth': 7, 'learning_rate': 0.03433112966773413, 'iterations': 1580, 'l2_leaf_reg': 6.583601809584597, 'random_strength': 3.69299932916429, 'bagging_temperature': 8.871880222673191, 'border_count': 174, 'one_hot_max_size': 33, 'leaf_estimation_iterations': 10, 'min_data_in_leaf': 29}. Best is trial 17 with value: 0.46217729100182103.[0m
[32m[I 2026-07-22 18:53:24,692][0m Trial 24 finished with value: 0.46802600522851046 and parameters: {'depth': 6, 'learning_rate': 0.015273113923258197, 'iterations': 2151, 'l2_leaf_reg': 17.611015316716916, 'random_strength': 5.637031047995807, 'bagging_temperature': 8.473934049857514, 'border_count': 230, 'one_hot_max_size': 47, 'leaf_estimation_iterations': 8, 'min_data_in_leaf': 46}. Best is trial 17 with value: 0.46217729100182103.[0m
[32m[I 2026-07-22 18:53:28,532][0m Trial 25 pruned. [0m
[32m[I 2026-07-22 18:54:01,924][0m Trial 26 finished with value: 0.47009095318862426 and parameters: {'depth': 7, 'learning_rate': 0.07683813331378528, 'iterations': 1638, 'l2_leaf_reg': 6.31947381780372, 'random_strength': 1.09123808176284, 'bagging_temperature': 9.272191689294647, 'border_count': 134, 'one_hot_max_size': 36, 'leaf_estimation_iterations': 7, 'min_data_in_leaf': 41}. Best is trial 17 with value: 0.46217729100182103.[0m
[32m[I 2026-07-22 18:54:52,733][0m Trial 27 finished with value: 0.4688366435208546 and parameters: {'depth': 6, 'learning_rate': 0.047946263221179924, 'iterations': 2059, 'l2_leaf_reg': 12.285229187288097, 'random_strength': 2.232531849420982, 'bagging_temperature': 9.961465663320622, 'border_count': 207, 'one_hot_max_size': 41, 'leaf_estimation_iterations': 10, 'min_data_in_leaf': 47}. Best is trial 17 with value: 0.46217729100182103.[0m
[32m[I 2026-07-22 18:56:55,881][0m Trial 28 finished with value: 0.46484047528388633 and parameters: {'depth': 8, 'learning_rate': 0.030171273524704632, 'iterations': 1424, 'l2_leaf_reg': 5.054524067128689, 'random_strength': 5.629669632224015, 'bagging_temperature': 7.813130294789264, 'border_count': 234, 'one_hot_max_size': 46, 'leaf_estimation_iterations': 9, 'min_data_in_leaf': 35}. Best is trial 17 with value: 0.46217729100182103.[0m
[32m[I 2026-07-22 19:00:27,764][0m Trial 29 finished with value: 0.4727020676845578 and parameters: {'depth': 9, 'learning_rate': 0.015823118075799766, 'iterations': 1113, 'l2_leaf_reg': 1.5513987785326957, 'random_strength': 9.982835861660028, 'bagging_temperature': 7.858727688199921, 'border_count': 239, 'one_hot_max_size': 46, 'leaf_estimation_iterations': 8, 'min_data_in_leaf': 34}. Best is trial 17 with value: 0.46217729100182103.[0m
[32m[I 2026-07-22 19:01:54,802][0m Trial 30 finished with value: 0.46935202849503127 and parameters: {'depth': 8, 'learning_rate': 0.02888802230731101, 'iterations': 863, 'l2_leaf_reg': 2.743325836512712, 'random_strength': 8.771426834106267, 'bagging_temperature': 2.931847216401675, 'border_count': 220, 'one_hot_max_size': 50, 'leaf_estimation_iterations': 7, 'min_data_in_leaf': 26}. Best is trial 17 with value: 0.46217729100182103.[0m
[32m[I 2026-07-22 19:05:51,663][0m Trial 31 finished with value: 0.4732598070495257 and parameters: {'depth': 9, 'learning_rate': 0.040782665164698, 'iterations': 1453, 'l2_leaf_reg': 5.046968171683378, 'random_strength': 5.729523372185769, 'bagging_temperature': 9.012063575131116, 'border_count': 186, 'one_hot_max_size': 43, 'leaf_estimation_iterations': 9, 'min_data_in_leaf': 37}. Best is trial 17 with value: 0.46217729100182103.[0m
[32m[I 2026-07-22 19:07:15,469][0m Trial 32 finished with value: 0.46912257575695737 and parameters: {'depth': 6, 'learning_rate': 0.01794023659071999, 'iterations': 1743, 'l2_leaf_reg': 7.358637990789142, 'random_strength': 6.567124812940915, 'bagging_temperature': 8.137106213012103, 'border_count': 162, 'one_hot_max_size': 47, 'leaf_estimation_iterations': 10, 'min_data_in_leaf': 41}. Best is trial 17 with value: 0.46217729100182103.[0m
[32m[I 2026-07-22 19:08:28,241][0m Trial 33 finished with value: 0.4623366353514971 and parameters: {'depth': 7, 'learning_rate': 0.030813102034466206, 'iterations': 1250, 'l2_leaf_reg': 10.974412879592348, 'random_strength': 5.100437072676067, 'bagging_temperature': 1.4810066541606135, 'border_count': 242, 'one_hot_max_size': 39, 'leaf_estimation_iterations': 9, 'min_data_in_leaf': 30}. Best is trial 17 with value: 0.46217729100182103.[0m
[32m[I 2026-07-22 19:10:29,419][0m Trial 34 finished with value: 0.46759244335569344 and parameters: {'depth': 8, 'learning_rate': 0.028565972427942597, 'iterations': 1180, 'l2_leaf_reg': 11.708783632972747, 'random_strength': 5.128866894400712, 'bagging_temperature': 1.3968705468561469, 'border_count': 243, 'one_hot_max_size': 30, 'leaf_estimation_iterations': 6, 'min_data_in_leaf': 30}. Best is trial 17 with value: 0.46217729100182103.[0m
[32m[I 2026-07-22 19:10:36,015][0m Trial 35 pruned. [0m
[32m[I 2026-07-22 19:12:53,346][0m Trial 36 finished with value: 0.47169980638276254 and parameters: {'depth': 8, 'learning_rate': 0.012763510090742168, 'iterations': 1315, 'l2_leaf_reg': 4.417147974192164, 'random_strength': 6.3399167186579755, 'bagging_temperature': 0.30534704318773276, 'border_count': 237, 'one_hot_max_size': 41, 'leaf_estimation_iterations': 8, 'min_data_in_leaf': 28}. Best is trial 17 with value: 0.46217729100182103.[0m
[32m[I 2026-07-22 19:14:00,965][0m Trial 37 finished with value: 0.46592412242476333 and parameters: {'depth': 7, 'learning_rate': 0.032935870215794014, 'iterations': 1978, 'l2_leaf_reg': 22.941026978509193, 'random_strength': 5.078298742775283, 'bagging_temperature': 4.099708100491066, 'border_count': 32, 'one_hot_max_size': 47, 'leaf_estimation_iterations': 10, 'min_data_in_leaf': 36}. Best is trial 17 with value: 0.46217729100182103.[0m
[32m[I 2026-07-22 19:19:06,546][0m Trial 38 finished with value: 0.46882470182076014 and parameters: {'depth': 9, 'learning_rate': 0.01986819922002648, 'iterations': 2265, 'l2_leaf_reg': 3.3118558092381036, 'random_strength': 0.7535263136997603, 'bagging_temperature': 1.1648078965321425, 'border_count': 250, 'one_hot_max_size': 29, 'leaf_estimation_iterations': 9, 'min_data_in_leaf': 35}. Best is trial 17 with value: 0.46217729100182103.[0m
[32m[I 2026-07-22 19:19:16,908][0m Trial 39 pruned. [0m
[32m[I 2026-07-22 19:19:25,754][0m Trial 40 pruned. [0m
[32m[I 2026-07-22 19:20:29,824][0m Trial 41 finished with value: 0.4696380785090312 and parameters: {'depth': 7, 'learning_rate': 0.05711838363966193, 'iterations': 1426, 'l2_leaf_reg': 10.042623800700216, 'random_strength': 4.70669573525214, 'bagging_temperature': 9.509657704546274, 'border_count': 210, 'one_hot_max_size': 43, 'leaf_estimation_iterations': 9, 'min_data_in_leaf': 47}. Best is trial 17 with value: 0.46217729100182103.[0m
[32m[I 2026-07-22 19:22:39,908][0m Trial 42 finished with value: 0.46795347173013224 and parameters: {'depth': 8, 'learning_rate': 0.040759687000846076, 'iterations': 1423, 'l2_leaf_reg': 9.707421151882688, 'random_strength': 3.981299018902347, 'bagging_temperature': 7.491561892001294, 'border_count': 242, 'one_hot_max_size': 40, 'leaf_estimation_iterations': 9, 'min_data_in_leaf': 43}. Best is trial 17 with value: 0.46217729100182103.[0m
[32m[I 2026-07-22 19:24:07,875][0m Trial 43 finished with value: 0.4634007467802497 and parameters: {'depth': 7, 'learning_rate': 0.026363891509078467, 'iterations': 1920, 'l2_leaf_reg': 5.668418849400821, 'random_strength': 2.7519715023733946, 'bagging_temperature': 2.377947789163591, 'border_count': 255, 'one_hot_max_size': 43, 'leaf_estimation_iterations': 10, 'min_data_in_leaf': 39}. Best is trial 17 with value: 0.46217729100182103.[0m
[32m[I 2026-07-22 19:25:10,831][0m Trial 44 finished with value: 0.4642812741695863 and parameters: {'depth': 6, 'learning_rate': 0.02434574256912228, 'iterations': 1932, 'l2_leaf_reg': 5.283417351953435, 'random_strength': 2.4988091000645087, 'bagging_temperature': 2.4756902110174983, 'border_count': 255, 'one_hot_max_size': 47, 'leaf_estimation_iterations': 10, 'min_data_in_leaf': 31}. Best is trial 17 with value: 0.46217729100182103.[0m
[32m[I 2026-07-22 19:26:13,582][0m Trial 45 finished with value: 0.4624718823595847 and parameters: {'depth': 6, 'learning_rate': 0.024552860812431306, 'iterations': 1938, 'l2_leaf_reg': 3.8536917946345755, 'random_strength': 2.4637374040836466, 'bagging_temperature': 1.9602832955466085, 'border_count': 255, 'one_hot_max_size': 49, 'leaf_estimation_iterations': 10, 'min_data_in_leaf': 31}. Best is trial 17 with value: 0.46217729100182103.[0m
[32m[I 2026-07-22 19:27:57,351][0m Trial 46 finished with value: 0.46496530305933703 and parameters: {'depth': 6, 'learning_rate': 0.013031589196579438, 'iterations': 2935, 'l2_leaf_reg': 3.7558256812971504, 'random_strength': 2.9157240862364393, 'bagging_temperature': 0.9837119124794382, 'border_count': 246, 'one_hot_max_size': 50, 'leaf_estimation_iterations': 10, 'min_data_in_leaf': 23}. Best is trial 17 with value: 0.46217729100182103.[0m
[32m[I 2026-07-22 19:29:02,670][0m Trial 47 finished with value: 0.4637550137131556 and parameters: {'depth': 6, 'learning_rate': 0.017417740622929195, 'iterations': 2476, 'l2_leaf_reg': 2.469151431458531, 'random_strength': 0.7717035386150526, 'bagging_temperature': 1.9985835305930515, 'border_count': 87, 'one_hot_max_size': 38, 'leaf_estimation_iterations': 10, 'min_data_in_leaf': 38}. Best is trial 17 with value: 0.46217729100182103.[0m
[32m[I 2026-07-22 19:29:49,537][0m Trial 48 finished with value: 0.46941531679354637 and parameters: {'depth': 5, 'learning_rate': 0.023487154206381103, 'iterations': 2279, 'l2_leaf_reg': 6.5742005163652415, 'random_strength': 1.8112613562519924, 'bagging_temperature': 0.7580462135210366, 'border_count': 255, 'one_hot_max_size': 42, 'leaf_estimation_iterations': 10, 'min_data_in_leaf': 49}. Best is trial 17 with value: 0.46217729100182103.[0m
[32m[I 2026-07-22 19:30:26,421][0m Trial 49 finished with value: 0.4629524268370542 and parameters: {'depth': 6, 'learning_rate': 0.0373012184066127, 'iterations': 2678, 'l2_leaf_reg': 4.379481639026416, 'random_strength': 0.6060334387879822, 'bagging_temperature': 2.4904315825863614, 'border_count': 224, 'one_hot_max_size': 34, 'leaf_estimation_iterations': 8, 'min_data_in_leaf': 27}. Best is trial 17 with value: 0.46217729100182103.[0m

------------------------------------------------------------
All Trial CV Results:
Trial  Mean RMSE  Std RMSE  CV Scores
------------------------------------------------------------
    0     0.4876
    1     0.4984
    2     0.4923
    3     0.6224
    4     0.5166
    5     0.4725
    6     0.4686
    7     0.6078
    8     0.4781
    9     0.4777
   10     0.4666
   11     0.4626
   12     0.4695
   13     0.4803
   14     0.4651
   15     0.4704
   16     0.4706
   17     0.4622
   18     0.4650
   19     0.4710
   20     0.4746
   21     0.4661
   22     0.4726
   23     0.4653
   24     0.4680
   25     0.4849
   26     0.4701
   27     0.4688
   28     0.4648
   29     0.4727
   30     0.4694
   31     0.4733
   32     0.4691
   33     0.4623
   34     0.4676
   35     0.6753
   36     0.4717
   37     0.4659
   38     0.4688
   39     0.4743
   40     0.5981
   41     0.4696
   42     0.4680
   43     0.4634
   44     0.4643
   45     0.4625
   46     0.4650
   47     0.4638
   48     0.4694
   49     0.4630
------------------------------------------------------------

=== Best Trial ===
  CV RMSE: 0.462177
  Params:  {'depth': 5, 'learning_rate': 0.03664217743180425, 'iterations': 1566, 'l2_leaf_reg': 5.957481434357551, 'random_strength': 1.2271833662437888, 'bagging_temperature': 9.026571487153403, 'border_count': 224, 'one_hot_max_size': 43, 'leaf_estimation_iterations': 9, 'min_data_in_leaf': 42}

Parameter Importance:
  one_hot_max_size: 0.3189
  l2_leaf_reg: 0.2358
  min_data_in_leaf: 0.1356
  learning_rate: 0.1057
  iterations: 0.0897
  random_strength: 0.0503
  border_count: 0.0445
  depth: 0.0079
  bagging_temperature: 0.0063
  leaf_estimation_iterations: 0.0053

============================================================
Training Final Model with Best Hyperparameters
============================================================
0:	learn: 1.0696536	test: 1.1596457	best: 1.1596457 (0)	total: 5.2ms	remaining: 15.6s
50:	learn: 0.6860219	test: 0.7271570	best: 0.7271570 (50)	total: 250ms	remaining: 14.5s
100:	learn: 0.5604144	test: 0.5820712	best: 0.5820712 (100)	total: 507ms	remaining: 14.6s
150:	learn: 0.4919198	test: 0.5094814	best: 0.5094814 (150)	total: 768ms	remaining: 14.5s
200:	learn: 0.4422936	test: 0.4598572	best: 0.4598572 (200)	total: 1.02s	remaining: 14.2s
250:	learn: 0.3993591	test: 0.4216409	best: 0.4216409 (250)	total: 1.27s	remaining: 13.9s
300:	learn: 0.3588328	test: 0.3801854	best: 0.3801854 (300)	total: 1.53s	remaining: 13.8s
350:	learn: 0.3294395	test: 0.3552053	best: 0.3552053 (350)	total: 1.79s	remaining: 13.5s
400:	learn: 0.3086403	test: 0.3342647	best: 0.3342647 (400)	total: 2.04s	remaining: 13.2s
450:	learn: 0.2876467	test: 0.3125251	best: 0.3125251 (450)	total: 2.29s	remaining: 13s
500:	learn: 0.2704691	test: 0.2962266	best: 0.2962266 (500)	total: 2.54s	remaining: 12.7s
550:	learn: 0.2550828	test: 0.2799363	best: 0.2799363 (550)	total: 2.81s	remaining: 12.5s
600:	learn: 0.2424566	test: 0.2680411	best: 0.2680411 (600)	total: 3.07s	remaining: 12.3s
650:	learn: 0.2301452	test: 0.2558056	best: 0.2558056 (650)	total: 3.38s	remaining: 12.2s
700:	learn: 0.2192015	test: 0.2437039	best: 0.2437039 (700)	total: 3.73s	remaining: 12.2s
750:	learn: 0.2073489	test: 0.2316780	best: 0.2316780 (750)	total: 3.98s	remaining: 11.9s
800:	learn: 0.1970654	test: 0.2203320	best: 0.2203320 (800)	total: 4.24s	remaining: 11.6s
850:	learn: 0.1880674	test: 0.2111285	best: 0.2111285 (850)	total: 4.49s	remaining: 11.3s
900:	learn: 0.1798651	test: 0.2026082	best: 0.2026082 (900)	total: 4.74s	remaining: 11s
950:	learn: 0.1711485	test: 0.1938418	best: 0.1938418 (950)	total: 4.99s	remaining: 10.8s
1000:	learn: 0.1640548	test: 0.1868117	best: 0.1868117 (1000)	total: 5.24s	remaining: 10.5s
1050:	learn: 0.1574646	test: 0.1808955	best: 0.1808955 (1050)	total: 5.49s	remaining: 10.2s
1100:	learn: 0.1515716	test: 0.1754352	best: 0.1754352 (1100)	total: 5.74s	remaining: 9.9s
1150:	learn: 0.1449929	test: 0.1675885	best: 0.1675885 (1150)	total: 6s	remaining: 9.63s
1200:	learn: 0.1389055	test: 0.1612547	best: 0.1612547 (1200)	total: 6.26s	remaining: 9.38s
1250:	learn: 0.1330093	test: 0.1546655	best: 0.1546655 (1250)	total: 6.55s	remaining: 9.16s
1300:	learn: 0.1269019	test: 0.1473125	best: 0.1473037 (1299)	total: 6.81s	remaining: 8.89s
1350:	learn: 0.1218767	test: 0.1415498	best: 0.1415498 (1350)	total: 7.06s	remaining: 8.62s
1400:	learn: 0.1171113	test: 0.1363570	best: 0.1363570 (1400)	total: 7.32s	remaining: 8.35s
1450:	learn: 0.1124646	test: 0.1312496	best: 0.1312496 (1450)	total: 7.57s	remaining: 8.08s
1500:	learn: 0.1081792	test: 0.1262140	best: 0.1262140 (1500)	total: 7.82s	remaining: 7.81s
1550:	learn: 0.1043492	test: 0.1212254	best: 0.1212254 (1550)	total: 8.08s	remaining: 7.55s
1600:	learn: 0.1010397	test: 0.1177514	best: 0.1177514 (1600)	total: 8.33s	remaining: 7.28s
1650:	learn: 0.0973459	test: 0.1122222	best: 0.1122222 (1650)	total: 8.58s	remaining: 7.01s
1700:	learn: 0.0940020	test: 0.1081798	best: 0.1081798 (1700)	total: 8.83s	remaining: 6.75s
1750:	learn: 0.0906545	test: 0.1041829	best: 0.1041829 (1750)	total: 9.08s	remaining: 6.48s
1800:	learn: 0.0874345	test: 0.1007196	best: 0.1007196 (1800)	total: 9.34s	remaining: 6.21s
1850:	learn: 0.0846944	test: 0.0975443	best: 0.0975443 (1850)	total: 9.6s	remaining: 5.96s
1900:	learn: 0.0819112	test: 0.0944469	best: 0.0944469 (1900)	total: 9.85s	remaining: 5.7s
1950:	learn: 0.0788984	test: 0.0913037	best: 0.0913037 (1950)	total: 10.1s	remaining: 5.43s
2000:	learn: 0.0762152	test: 0.0881099	best: 0.0881099 (2000)	total: 10.4s	remaining: 5.17s
2050:	learn: 0.0738342	test: 0.0852864	best: 0.0852864 (2050)	total: 10.6s	remaining: 4.91s
2100:	learn: 0.0716089	test: 0.0829932	best: 0.0829932 (2100)	total: 10.9s	remaining: 4.65s
2150:	learn: 0.0691855	test: 0.0802612	best: 0.0802612 (2150)	total: 11.1s	remaining: 4.39s
2200:	learn: 0.0668647	test: 0.0784166	best: 0.0784166 (2200)	total: 11.4s	remaining: 4.13s
2250:	learn: 0.0648251	test: 0.0762036	best: 0.0762036 (2250)	total: 11.6s	remaining: 3.87s
2300:	learn: 0.0627403	test: 0.0736093	best: 0.0736093 (2300)	total: 11.9s	remaining: 3.61s
2350:	learn: 0.0608318	test: 0.0711470	best: 0.0711470 (2350)	total: 12.1s	remaining: 3.35s
2400:	learn: 0.0587996	test: 0.0685210	best: 0.0685210 (2400)	total: 12.4s	remaining: 3.09s
2450:	learn: 0.0570836	test: 0.0666357	best: 0.0666357 (2450)	total: 12.6s	remaining: 2.83s
2500:	learn: 0.0553155	test: 0.0647644	best: 0.0647644 (2500)	total: 12.9s	remaining: 2.58s
2550:	learn: 0.0537363	test: 0.0630283	best: 0.0630283 (2550)	total: 13.2s	remaining: 2.32s
2600:	learn: 0.0522330	test: 0.0613037	best: 0.0613037 (2600)	total: 13.4s	remaining: 2.06s
2650:	learn: 0.0507595	test: 0.0596522	best: 0.0596522 (2650)	total: 13.7s	remaining: 1.8s
2700:	learn: 0.0493950	test: 0.0581837	best: 0.0581837 (2700)	total: 13.9s	remaining: 1.54s
2750:	learn: 0.0480162	test: 0.0566604	best: 0.0566604 (2750)	total: 14.2s	remaining: 1.28s
2800:	learn: 0.0467161	test: 0.0551408	best: 0.0551408 (2800)	total: 14.5s	remaining: 1.03s
2850:	learn: 0.0453703	test: 0.0536540	best: 0.0536540 (2850)	total: 14.7s	remaining: 769ms
2900:	learn: 0.0440386	test: 0.0520905	best: 0.0520905 (2900)	total: 15s	remaining: 511ms
2950:	learn: 0.0427888	test: 0.0506627	best: 0.0506627 (2950)	total: 15.2s	remaining: 253ms
2999:	learn: 0.0416627	test: 0.0494119	best: 0.0494119 (2999)	total: 15.5s	remaining: 0us

bestTest = 0.04941193818
bestIteration = 2999


============================================================
Test Evaluation
============================================================
  Test MSE:  0.1564
  Test RMSE: 0.3955

============================================================
Top 20 Feature Importances
============================================================
   1. LogP                       11.1
   2. HeavyAtoms                 7.3
   3. MolWt                      4.8
   4. NAtoms                     4.7
   5. tail_ratio                 3.3
   6. atom_std_46                2.2
   7. atom_std_35                2.2
   8. atom_std_47                1.8
   9. atom_mean_46               1.8
  10. atom_std_22                1.7
  11. maccs_105                  1.6
  12. RotBonds                   1.4
  13. atom_std_16                1.4
  14. maccs_101                  1.4
  15. atom_mean_16               1.4
  16. atom_mean_17               1.2
  17. atom_mean_54               1.1
  18. head_ratio                 1.0
  19. atom_std_48                1.0
  20. atom_mean_47               1.0

Plot saved to runs\catboost_20260722_181638\pred_vs_true.png
Model saved to runs\catboost_20260722_181638\model.pkl

============================================================
SUMMARY - CatBoost + PharmHGT Features
============================================================
  Features:  522-dim (atom_agg + bond_agg + MACCS + BRICS + surfactant + descriptors)
  Train:     1204 (split 1053 train + 151 val)
  Test:      140
  Optuna:    50 trials, 5-fold CV
  Best CV RMSE: 0.4622
  Test RMSE: 0.3955
  Test MAE:  0.2669
  Test R²:   0.8733

指标已保存: runs\catboost_20260722_181638\metrics.json
索引已更新: runs\_runs_index.csv
