============================================================
rnn — 运行开始  20260807_100527
  输出目录:  runs\Area_min\Area_min_rnn_20260807_100527
============================================================
============================================================
RNN (LSTM) + PharmHGT-style Featurization for Area_min Prediction
============================================================
[Cache HIT] Loading features from data\features\surfpro\Area_min
  Train features: (607, 522)
  Test features:  (70, 522)

Split: Train 531, Val 76, Test 70

============================================================
Training Final Model
============================================================
  Epoch  50 — Val RMSE: 0.7904 (best: 0.7904)
  Epoch 100 — Val RMSE: 0.7145 (best: 0.7060)
  Epoch 150 — Val RMSE: 0.6666 (best: 0.6527)
  Epoch 200 — Val RMSE: 0.6783 (best: 0.6212)
  Epoch 250 — Val RMSE: 0.7525 (best: 0.6212)
  Epoch 300 — Val RMSE: 0.6836 (best: 0.6212)
  Epoch 350 — Val RMSE: 0.6709 (best: 0.6212)
  Epoch 400 — Val RMSE: 0.6692 (best: 0.6212)
  Early stopping at epoch 415

============================================================
Test Evaluation
============================================================
  Test MSE:  0.5189
  Test RMSE: 0.7203
  Test MAE:  0.4872
  Test R²:   0.2037
Model saved to runs\Area_min\Area_min_rnn_20260807_100527\model.pkl

============================================================
SUMMARY — RNN (LSTM) + PharmHGT Features
============================================================
  Features:  522-dim (atom_agg + bond_agg + MACCS + BRICS + surfactant + descriptors)
  Train:     531 (val 76)
  Test:      70
  Fixed hyperparams: 3 LSTM layers, 64 hidden, lr=1e-3, wd=1e-5, bs=32
  Test RMSE: 0.7203
  Test MAE:  0.4872
  Test R²:   0.2037

指标已保存: runs\Area_min\Area_min_rnn_20260807_100527\metrics.json
索引已更新: runs\Area_min\_runs_index.csv
索引已更新: runs\_runs_index.csv
