============================================================
mlp — 运行开始  20260723_173509
  输出目录:  runs\mlp_20260723_173509
============================================================
============================================================
MLP + PharmHGT-style Featurization for LogCMC (pCMC) Prediction
============================================================

============================================================
Training Final Model
============================================================
    Epoch 300/3000 — Val RMSE: 0.2083 (best: 0.1756)
    Epoch 600/3000 — Val RMSE: 0.2003 (best: 0.1308)
    Early stopping at epoch 795

============================================================
Test Evaluation
============================================================
  Test MSE:  0.1171
  Test RMSE: 0.3422
  Test MAE:  0.2403
  Test R²:   0.9052
Model saved to runs\mlp_20260723_173509\model.pkl

============================================================
SUMMARY — MLP + PharmHGT Features
============================================================
  Features:  522-dim (atom_agg + bond_agg + MACCS + BRICS + surfactant + descriptors)
  Train:     1204 (split 1053 train + 151 val)
  Test:      140
  Optuna:    50 trials, 5-fold CV
  Best CV RMSE: 0.4313
  Best val RMSE: 0.1269
  Test RMSE: 0.3422
  Test MAE:  0.2403
  Test R²:   0.9052

指标已保存: runs\mlp_20260723_173509\metrics.json
索引已更新: runs\_runs_index.csv
