============================================================
rnn — 运行开始  20260806_194102
  输出目录:  runs\Pi_CMC\Pi_CMC_rnn_20260806_194102
============================================================
============================================================
RNN (LSTM) + PharmHGT-style Featurization for Pi_CMC Prediction
============================================================
[Cache HIT] Loading features from data\features\surfpro\Pi_CMC
  Train features: (631, 522)
  Test features:  (70, 522)

Split: Train 552, Val 79, Test 70

============================================================
Training Final Model
============================================================
  Epoch  50 — Val RMSE: 7.3810 (best: 7.3810)
  Epoch 100 — Val RMSE: 7.2435 (best: 7.2355)
  Epoch 150 — Val RMSE: 7.2461 (best: 7.2332)
  Epoch 200 — Val RMSE: 7.2417 (best: 7.2325)
  Epoch 250 — Val RMSE: 7.2445 (best: 7.2319)
  Epoch 300 — Val RMSE: 7.2335 (best: 7.2319)
  Epoch 350 — Val RMSE: 7.2544 (best: 7.2306)
  Epoch 400 — Val RMSE: 7.2365 (best: 7.2306)
  Epoch 450 — Val RMSE: 7.2459 (best: 7.2305)
  Epoch 500 — Val RMSE: 7.2371 (best: 7.2222)
  Epoch 550 — Val RMSE: 7.2422 (best: 7.2222)
  Epoch 600 — Val RMSE: 7.2237 (best: 7.2222)
  Epoch 650 — Val RMSE: 7.2506 (best: 7.2222)
  Epoch 700 — Val RMSE: 7.2466 (best: 7.2222)
  Early stopping at epoch 745

============================================================
Test Evaluation
============================================================
  Test MSE:  53.5010
  Test RMSE: 7.3144
  Test MAE:  5.7415
  Test R²:   -0.0315
Model saved to runs\Pi_CMC\Pi_CMC_rnn_20260806_194102\model.pkl

============================================================
SUMMARY — RNN (LSTM) + PharmHGT Features
============================================================
  Features:  522-dim (atom_agg + bond_agg + MACCS + BRICS + surfactant + descriptors)
  Train:     552 (val 79)
  Test:      70
  Fixed hyperparams: 3 LSTM layers, 64 hidden, lr=1e-3, wd=1e-5, bs=32
  Test RMSE: 7.3144
  Test MAE:  5.7415
  Test R²:   -0.0315

指标已保存: runs\Pi_CMC\Pi_CMC_rnn_20260806_194102\metrics.json
索引已更新: runs\Pi_CMC\_runs_index.csv
索引已更新: runs\_runs_index.csv
