============================================================
mlp — 运行开始  20260807_094659
  输出目录:  runs\Area_min\Area_min_mlp_20260807_094659
============================================================
============================================================
MLP + PharmHGT-style Featurization for Area_min Prediction
============================================================

============================================================
Training Final Model
============================================================
    Early stopping at epoch 190

============================================================
Test Evaluation
============================================================
  Test MSE:  0.3077
  Test RMSE: 0.5547
  Test MAE:  0.3594
  Test R²:   0.5278
Model saved to runs\Area_min\Area_min_mlp_20260807_094659\model.pkl

============================================================
SUMMARY — MLP + PharmHGT Features
============================================================
  Features:  522-dim (atom_agg + bond_agg + MACCS + BRICS + surfactant + descriptors)
  Train:     531 (val 76)
  Test:      70
  Optuna:    50 trials, 5-fold CV
  Best CV RMSE: 0.3687
  Best val RMSE: 0.3677
  Test RMSE: 0.5547
  Test MAE:  0.3594
  Test R²:   0.5278

指标已保存: runs\Area_min\Area_min_mlp_20260807_094659\metrics.json
索引已更新: runs\Area_min\_runs_index.csv
索引已更新: runs\_runs_index.csv
