============================================================
mlp — 运行开始  20260805_184149
  输出目录:  runs\Gamma_max\Gamma_max_mlp_20260805_184149
============================================================
============================================================
MLP + PharmHGT-style Featurization for Gamma_max Prediction
============================================================

============================================================
Training Final Model
============================================================
    Epoch 300/3000 — Val RMSE: 1.2153 (best: 0.6836)
    Early stopping at epoch 335

============================================================
Test Evaluation
============================================================
  Test MSE:  0.0000
  Test RMSE: 0.0000
  Test MAE:  0.0000
  Test R²:   0.7515
Model saved to runs\Gamma_max\Gamma_max_mlp_20260805_184149\model.pkl

============================================================
SUMMARY — MLP + PharmHGT Features
============================================================
  Features:  522-dim (atom_agg + bond_agg + MACCS + BRICS + surfactant + descriptors)
  Train:     549 (val 79)
  Test:      70
  Optuna:    50 trials, 5-fold CV
  Best CV RMSE: 0.0000
  Best val RMSE: 0.6836
  Test RMSE: 0.0000
  Test MAE:  0.0000
  Test R²:   0.7515

指标已保存: runs\Gamma_max\Gamma_max_mlp_20260805_184149\metrics.json
索引已更新: runs\Gamma_max\_runs_index.csv
索引已更新: runs\_runs_index.csv
