============================================================
mlp — 运行开始  20260723_091919
  输出目录:  runs\mlp_20260723_091919
============================================================
============================================================
MLP + PharmHGT-style Featurization for LogCMC (pCMC) Prediction
============================================================
[Cache HIT] Loading features from data\features\surfpro
  Train features: (1204, 522)
  Test features:  (140, 522)

Split: Train 1053, Val 151, Test 140

============================================================
Training Final Model
  Epoch  50 — Val RMSE: 0.2904 (best: 0.2904)
  Epoch 100 — Val RMSE: 0.2338 (best: 0.2242)
  Epoch 150 — Val RMSE: 0.1942 (best: 0.1942)
  Epoch 200 — Val RMSE: 0.2438 (best: 0.1859)
  Epoch 250 — Val RMSE: 0.1967 (best: 0.1657)
  Epoch 300 — Val RMSE: 0.1752 (best: 0.1507)
  Epoch 350 — Val RMSE: 0.1485 (best: 0.1343)
  Epoch 400 — Val RMSE: 0.1817 (best: 0.1343)
  Epoch 450 — Val RMSE: 0.1411 (best: 0.1343)
  Epoch 500 — Val RMSE: 0.1428 (best: 0.1280)
  Epoch 550 — Val RMSE: 0.1429 (best: 0.1236)
  Epoch 600 — Val RMSE: 0.1183 (best: 0.1183)
  Epoch 650 — Val RMSE: 0.1436 (best: 0.1183)
  Epoch 700 — Val RMSE: 0.1374 (best: 0.1183)
  Epoch 750 — Val RMSE: 0.1457 (best: 0.1051)
  Epoch 800 — Val RMSE: 0.1079 (best: 0.1051)
  Epoch 850 — Val RMSE: 0.1633 (best: 0.1051)
  Epoch 900 — Val RMSE: 0.1089 (best: 0.1019)
  Epoch 950 — Val RMSE: 0.1503 (best: 0.1019)
  Epoch 1000 — Val RMSE: 0.1059 (best: 0.0994)
  Epoch 1050 — Val RMSE: 0.1185 (best: 0.0965)
  Epoch 1100 — Val RMSE: 0.1038 (best: 0.0926)
  Epoch 1150 — Val RMSE: 0.1144 (best: 0.0926)
  Epoch 1200 — Val RMSE: 0.1061 (best: 0.0906)
  Epoch 1250 — Val RMSE: 0.0857 (best: 0.0826)
  Epoch 1300 — Val RMSE: 0.0877 (best: 0.0826)
  Epoch 1350 — Val RMSE: 0.0911 (best: 0.0826)
  Epoch 1400 — Val RMSE: 0.0849 (best: 0.0799)
  Epoch 1450 — Val RMSE: 0.0861 (best: 0.0691)
  Epoch 1500 — Val RMSE: 0.0802 (best: 0.0691)
  Epoch 1550 — Val RMSE: 0.1546 (best: 0.0664)
  Epoch 1600 — Val RMSE: 0.0771 (best: 0.0664)
  Epoch 1650 — Val RMSE: 0.0826 (best: 0.0664)
  Epoch 1700 — Val RMSE: 0.0806 (best: 0.0664)
  Epoch 1750 — Val RMSE: 0.1037 (best: 0.0641)
  Epoch 1800 — Val RMSE: 0.0782 (best: 0.0641)
  Epoch 1850 — Val RMSE: 0.1075 (best: 0.0581)
  Epoch 1900 — Val RMSE: 0.0718 (best: 0.0581)
  Epoch 1950 — Val RMSE: 0.1110 (best: 0.0581)
  Epoch 2000 — Val RMSE: 0.0997 (best: 0.0581)
  Epoch 2050 — Val RMSE: 0.0698 (best: 0.0557)
  Epoch 2100 — Val RMSE: 0.0900 (best: 0.0557)
  Epoch 2150 — Val RMSE: 0.0690 (best: 0.0557)
  Epoch 2200 — Val RMSE: 0.0931 (best: 0.0557)
  Epoch 2250 — Val RMSE: 0.0750 (best: 0.0557)
  Early stopping at epoch 2270

============================================================
Test Evaluation
============================================================
  Test MSE:  0.1631
  Test RMSE: 0.4039
  Test MAE:  0.2578
  Test R²:   0.8679
Model saved to runs\mlp_20260723_091919\model.pkl

============================================================
SUMMARY — MLP + PharmHGT Features
============================================================
  Features:  522-dim (atom_agg + bond_agg + MACCS + BRICS + surfactant + descriptors)
  Train:     1204 (split 1053 train + 151 val)
  Test:      140
  Fixed hyperparams: 4 layers, 512 hidden, GELU, lr=1e-3, wd=1e-6, bs=64
  Test RMSE: 0.4039
  Test MAE:  0.2578
  Test R²:   0.8679

指标已保存: runs\mlp_20260723_091919\metrics.json
索引已更新: runs\_runs_index.csv
